../Core/Src/MY36GP_3650.c:18:7:float_map	32	static
../Core/Src/MY36GP_3650.c:23:10:uint32_map	24	static
../Core/Src/MY36GP_3650.c:29:7:f_AvgFilter	24	static
../Core/Src/MY36GP_3650.c:39:10:u32_AvgFilter	24	static
../Core/Src/MY36GP_3650.c:51:7:f_MovingAverage	24	static
../Core/Src/MY36GP_3650.c:81:10:u32_pControl	24	static
../Core/Src/MY36GP_3650.c:95:6:FL_BrakeEnable	8	static
../Core/Src/MY36GP_3650.c:100:6:FL_BrakeDisable	8	static
../Core/Src/MY36GP_3650.c:106:6:FL_SetDir	16	static
../Core/Src/MY36GP_3650.c:124:6:FL_RunMotor	24	static
../Core/Src/MY36GP_3650.c:158:7:Period2RPM	24	static
../Core/Src/MY36GP_3650.c:167:6:motorVelocityCheck	32	static
