../Core/Src/tim.c:32:6:MX_TIM1_Init	80	static
../Core/Src/tim.c:92:6:MX_TIM3_Init	32	static
../Core/Src/tim.c:135:6:MX_TIM10_Init	8	static
../Core/Src/tim.c:161:6:HAL_TIM_PWM_MspInit	24	static
../Core/Src/tim.c:181:6:HAL_TIM_IC_MspInit	48	static
../Core/Src/tim.c:213:6:HAL_TIM_Base_MspInit	24	static
../Core/Src/tim.c:232:6:HAL_TIM_MspPostInit	40	static
../Core/Src/tim.c:260:6:HAL_TIM_PWM_MspDeInit	16	static
../Core/Src/tim.c:286:6:HAL_TIM_IC_MspDeInit	16	static
../Core/Src/tim.c:310:6:HAL_TIM_Base_MspDeInit	16	static
