/opt/st/stm32cubeide_1.11.2/plugins/com.st.stm32cube.ide.mcu.externaltools.gnu-tools-for-stm32.10.3-2021.10.linux64_1.0.100.202210260954/tools/arm-none-eabi/include/c++/10.3.1/bits/std_abs.h:71:3:constexpr double std::abs(double)	16	static
/opt/st/stm32cubeide_1.11.2/plugins/com.st.stm32cube.ide.mcu.externaltools.gnu-tools-for-stm32.10.3-2021.10.linux64_1.0.100.202210260954/tools/arm-none-eabi/include/c++/10.3.1/bits/std_abs.h:75:3:constexpr float std::abs(float)	16	static
../Core/Src/Bootley.cpp:48:6:void HAL_TIM_IC_CaptureCallback(TIM_HandleTypeDef*)	16	static
../Core/Src/Bootley.cpp:91:1:Bootley::Bootley()	16	static
../Core/Src/Bootley.cpp:97:6:void Bootley::SetCarState()	16	static
../Core/Src/Bootley.cpp:116:6:void Bootley::Drive()	16	static
../Core/Src/Bootley.cpp:139:6:void Bootley::NormalMode(float, float)	56	static
../Core/Src/Bootley.cpp:226:6:void Bootley::SpinningMode(float)	40	static
../Core/Src/Bootley.cpp:277:6:void Bootley::EStopMode()	16	static
../Core/Src/Bootley.cpp:285:6:void Bootley::AutoDrive()	16	static
../Core/Src/Bootley.cpp:298:6:void Bootley::InitModule()	16	static
../Core/Src/Bootley.cpp:327:6:void Bootley::GetPulseWidth()	16	static
../Core/Src/Bootley.cpp:466:6:void Bootley::GetSteeringVal()	24	static
../Core/Src/Bootley.cpp:478:6:void Bootley::GetAccelVal()	24	static
../Core/Src/Bootley.cpp:491:6:void Bootley::SetAutoMode()	16	static
../Core/Src/Bootley.cpp:499:6:void Bootley::SetDriveMode()	16	static
../Core/Src/Bootley.cpp:515:6:void check_IC()	8	static
