../Core/Src/MY36GP_3650.cpp:19:6:void FL_BrakeEnable()	8	static
../Core/Src/MY36GP_3650.cpp:20:6:void FL_BrakeDisable()	8	static
../Core/Src/MY36GP_3650.cpp:21:6:void FL_SetDir(GPIO_PinState)	16	static
../Core/Src/MY36GP_3650.cpp:23:6:void FR_BrakeEnable()	8	static
../Core/Src/MY36GP_3650.cpp:24:6:void FR_BrakeDisable()	8	static
../Core/Src/MY36GP_3650.cpp:25:6:void FR_SetDir(GPIO_PinState)	16	static
../Core/Src/MY36GP_3650.cpp:27:6:void RL_BrakeEnable()	8	static
../Core/Src/MY36GP_3650.cpp:28:6:void RL_BrakeDisable()	8	static
../Core/Src/MY36GP_3650.cpp:29:6:void RL_SetDir(GPIO_PinState)	16	static
../Core/Src/MY36GP_3650.cpp:31:6:void RR_BrakeEnable()	8	static
../Core/Src/MY36GP_3650.cpp:32:6:void RR_BrakeDisable()	8	static
../Core/Src/MY36GP_3650.cpp:33:6:void RR_SetDir(GPIO_PinState)	16	static
../Core/Src/MY36GP_3650.cpp:49:6:void FL_RunMotor(float, GPIO_PinState)	24	static
../Core/Src/MY36GP_3650.cpp:73:6:void FR_RunMotor(float, GPIO_PinState)	24	static
../Core/Src/MY36GP_3650.cpp:97:6:void RL_RunMotor(float, GPIO_PinState)	24	static
../Core/Src/MY36GP_3650.cpp:123:6:void RR_RunMotor(float, GPIO_PinState)	24	static
../Core/Src/MY36GP_3650.cpp:153:7:float Period2RPM(uint32_t)	24	static
../Core/Src/MY36GP_3650.cpp:162:7:float FL_MovingAverage(float)	24	static
../Core/Src/MY36GP_3650.cpp:191:7:float FR_MovingAverage(float)	24	static
../Core/Src/MY36GP_3650.cpp:220:7:float RL_MovingAverage(float)	24	static
../Core/Src/MY36GP_3650.cpp:249:7:float RR_MovingAverage(float)	24	static
../Core/Src/MY36GP_3650.cpp:281:7:float float_map(float, float, float, float, float)	32	static
../Core/Src/MY36GP_3650.cpp:286:10:uint32_t uint32_map(uint32_t, uint32_t, uint32_t, uint32_t, uint32_t)	24	static
../Core/Src/MY36GP_3650.cpp:298:6:void motorVelocityCheck(uint16_t, GPIO_PinState)	32	static
