Archive member included to satisfy reference by file (symbol)

/home/delcoii/.eclipse/com.st.stm32cube.ide.mcu.rcp.product_1.11.2_139060371_linux_gtk_x86_64/plugins/com.st.stm32cube.ide.mcu.externaltools.gnu-tools-for-stm32.10.3-2021.10.linux64_1.0.200.202301161003/tools/bin/../lib/gcc/arm-none-eabi/10.3.1/../../../../arm-none-eabi/lib/thumb/v7e-m+fp/hard/libc_nano.a(lib_a-errno.o)
                              ./Core/Src/syscalls.o (__errno)
/home/delcoii/.eclipse/com.st.stm32cube.ide.mcu.rcp.product_1.11.2_139060371_linux_gtk_x86_64/plugins/com.st.stm32cube.ide.mcu.externaltools.gnu-tools-for-stm32.10.3-2021.10.linux64_1.0.200.202301161003/tools/bin/../lib/gcc/arm-none-eabi/10.3.1/../../../../arm-none-eabi/lib/thumb/v7e-m+fp/hard/libc_nano.a(lib_a-exit.o)
                              /home/delcoii/.eclipse/com.st.stm32cube.ide.mcu.rcp.product_1.11.2_139060371_linux_gtk_x86_64/plugins/com.st.stm32cube.ide.mcu.externaltools.gnu-tools-for-stm32.10.3-2021.10.linux64_1.0.200.202301161003/tools/bin/../lib/gcc/arm-none-eabi/10.3.1/../../../../arm-none-eabi/lib/thumb/v7e-m+fp/hard/crt0.o (exit)
/home/delcoii/.eclipse/com.st.stm32cube.ide.mcu.rcp.product_1.11.2_139060371_linux_gtk_x86_64/plugins/com.st.stm32cube.ide.mcu.externaltools.gnu-tools-for-stm32.10.3-2021.10.linux64_1.0.200.202301161003/tools/bin/../lib/gcc/arm-none-eabi/10.3.1/../../../../arm-none-eabi/lib/thumb/v7e-m+fp/hard/libc_nano.a(lib_a-impure.o)
                              /home/delcoii/.eclipse/com.st.stm32cube.ide.mcu.rcp.product_1.11.2_139060371_linux_gtk_x86_64/plugins/com.st.stm32cube.ide.mcu.externaltools.gnu-tools-for-stm32.10.3-2021.10.linux64_1.0.200.202301161003/tools/bin/../lib/gcc/arm-none-eabi/10.3.1/../../../../arm-none-eabi/lib/thumb/v7e-m+fp/hard/libc_nano.a(lib_a-exit.o) (_global_impure_ptr)
/home/delcoii/.eclipse/com.st.stm32cube.ide.mcu.rcp.product_1.11.2_139060371_linux_gtk_x86_64/plugins/com.st.stm32cube.ide.mcu.externaltools.gnu-tools-for-stm32.10.3-2021.10.linux64_1.0.200.202301161003/tools/bin/../lib/gcc/arm-none-eabi/10.3.1/../../../../arm-none-eabi/lib/thumb/v7e-m+fp/hard/libc_nano.a(lib_a-init.o)
                              /home/delcoii/.eclipse/com.st.stm32cube.ide.mcu.rcp.product_1.11.2_139060371_linux_gtk_x86_64/plugins/com.st.stm32cube.ide.mcu.externaltools.gnu-tools-for-stm32.10.3-2021.10.linux64_1.0.200.202301161003/tools/bin/../lib/gcc/arm-none-eabi/10.3.1/../../../../arm-none-eabi/lib/thumb/v7e-m+fp/hard/crt0.o (__libc_init_array)
/home/delcoii/.eclipse/com.st.stm32cube.ide.mcu.rcp.product_1.11.2_139060371_linux_gtk_x86_64/plugins/com.st.stm32cube.ide.mcu.externaltools.gnu-tools-for-stm32.10.3-2021.10.linux64_1.0.200.202301161003/tools/bin/../lib/gcc/arm-none-eabi/10.3.1/../../../../arm-none-eabi/lib/thumb/v7e-m+fp/hard/libc_nano.a(lib_a-memset.o)
                              /home/delcoii/.eclipse/com.st.stm32cube.ide.mcu.rcp.product_1.11.2_139060371_linux_gtk_x86_64/plugins/com.st.stm32cube.ide.mcu.externaltools.gnu-tools-for-stm32.10.3-2021.10.linux64_1.0.200.202301161003/tools/bin/../lib/gcc/arm-none-eabi/10.3.1/../../../../arm-none-eabi/lib/thumb/v7e-m+fp/hard/crt0.o (memset)
/home/delcoii/.eclipse/com.st.stm32cube.ide.mcu.rcp.product_1.11.2_139060371_linux_gtk_x86_64/plugins/com.st.stm32cube.ide.mcu.externaltools.gnu-tools-for-stm32.10.3-2021.10.linux64_1.0.200.202301161003/tools/bin/../lib/gcc/arm-none-eabi/10.3.1/../../../../arm-none-eabi/lib/thumb/v7e-m+fp/hard/libc_nano.a(lib_a-nano-vfprintf_float.o)
                              (_printf_float)
/home/delcoii/.eclipse/com.st.stm32cube.ide.mcu.rcp.product_1.11.2_139060371_linux_gtk_x86_64/plugins/com.st.stm32cube.ide.mcu.externaltools.gnu-tools-for-stm32.10.3-2021.10.linux64_1.0.200.202301161003/tools/bin/../lib/gcc/arm-none-eabi/10.3.1/../../../../arm-none-eabi/lib/thumb/v7e-m+fp/hard/libc_nano.a(lib_a-nano-vfprintf_i.o)
                              /home/delcoii/.eclipse/com.st.stm32cube.ide.mcu.rcp.product_1.11.2_139060371_linux_gtk_x86_64/plugins/com.st.stm32cube.ide.mcu.externaltools.gnu-tools-for-stm32.10.3-2021.10.linux64_1.0.200.202301161003/tools/bin/../lib/gcc/arm-none-eabi/10.3.1/../../../../arm-none-eabi/lib/thumb/v7e-m+fp/hard/libc_nano.a(lib_a-nano-vfprintf_float.o) (_printf_common)
/home/delcoii/.eclipse/com.st.stm32cube.ide.mcu.rcp.product_1.11.2_139060371_linux_gtk_x86_64/plugins/com.st.stm32cube.ide.mcu.externaltools.gnu-tools-for-stm32.10.3-2021.10.linux64_1.0.200.202301161003/tools/bin/../lib/gcc/arm-none-eabi/10.3.1/../../../../arm-none-eabi/lib/thumb/v7e-m+fp/hard/libc_nano.a(lib_a-nano-vfscanf_float.o)
                              (_scanf_float)
/home/delcoii/.eclipse/com.st.stm32cube.ide.mcu.rcp.product_1.11.2_139060371_linux_gtk_x86_64/plugins/com.st.stm32cube.ide.mcu.externaltools.gnu-tools-for-stm32.10.3-2021.10.linux64_1.0.200.202301161003/tools/bin/../lib/gcc/arm-none-eabi/10.3.1/../../../../arm-none-eabi/lib/thumb/v7e-m+fp/hard/libc_nano.a(lib_a-printf.o)
                              ./Core/Src/main.o (printf)
[...]
Memory Configuration

Name             Origin             Length             Attributes
RAM              0x0000000020000000 0x0000000000020000 xrw
FLASH            0x0000000008000000 0x0000000000080000 xr
*default*        0x0000000000000000 0xffffffffffffffff

Linker script and memory map

LOAD /home/delcoii/.eclipse/com.st.stm32cube.ide.mcu.rcp.product_1.11.2_139060371_linux_gtk_x86_64/plugins/com.st.stm32cube.ide.mcu.externaltools.gnu-tools-for-stm32.10.3-2021.10.linux64_1.0.200.202301161003/tools/bin/../lib/gcc/arm-none-eabi/10.3.1/thumb/v7e-m+fp/hard/crti.o
LOAD /home/delcoii/.eclipse/com.st.stm32cube.ide.mcu.rcp.product_1.11.2_139060371_linux_gtk_x86_64/plugins/com.st.stm32cube.ide.mcu.externaltools.gnu-tools-for-stm32.10.3-2021.10.linux64_1.0.200.202301161003/tools/bin/../lib/gcc/arm-none-eabi/10.3.1/thumb/v7e-m+fp/hard/crtbegin.o
LOAD /home/delcoii/.eclipse/com.st.stm32cube.ide.mcu.rcp.product_1.11.2_139060371_linux_gtk_x86_64/plugins/com.st.stm32cube.ide.mcu.externaltools.gnu-tools-for-stm32.10.3-2021.10.linux64_1.0.200.202301161003/tools/bin/../lib/gcc/arm-none-eabi/10.3.1/../../../../arm-none-eabi/lib/thumb/v7e-m+fp/hard/crt0.o
LOAD ./Core/Src/gpio.o
LOAD ./Core/Src/main.o
LOAD ./Core/Src/stm32f4xx_hal_msp.o
LOAD ./Core/Src/stm32f4xx_it.o
LOAD ./Core/Src/syscalls.o
LOAD ./Core/Src/sysmem.o
LOAD ./Core/Src/system_stm32f4xx.o
LOAD ./Core/Src/usart.o
LOAD ./Core/Startup/startup_stm32f446retx.o
LOAD ./Drivers/STM32F4xx_HAL_Driver/Src/stm32f4xx_hal.o
LOAD ./Drivers/STM32F4xx_HAL_Driver/Src/stm32f4xx_hal_cortex.o
LOAD ./Drivers/STM32F4xx_HAL_Driver/Src/stm32f4xx_hal_dma.o
LOAD ./Drivers/STM32F4xx_HAL_Driver/Src/stm32f4xx_hal_dma_ex.o
LOAD ./Drivers/STM32F4xx_HAL_Driver/Src/stm32f4xx_hal_exti.o
LOAD ./Drivers/STM32F4xx_HAL_Driver/Src/stm32f4xx_hal_flash.o
LOAD ./Drivers/STM32F4xx_HAL_Driver/Src/stm32f4xx_hal_flash_ex.o
LOAD ./Drivers/STM32F4xx_HAL_Driver/Src/stm32f4xx_hal_flash_ramfunc.o
LOAD ./Drivers/STM32F4xx_HAL_Driver/Src/stm32f4xx_hal_gpio.o
LOAD ./Drivers/STM32F4xx_HAL_Driver/Src/stm32f4xx_hal_pwr.o
LOAD ./Drivers/STM32F4xx_HAL_Driver/Src/stm32f4xx_hal_pwr_ex.o
LOAD ./Drivers/STM32F4xx_HAL_Driver/Src/stm32f4xx_hal_rcc.o
LOAD ./Drivers/STM32F4xx_HAL_Driver/Src/stm32f4xx_hal_rcc_ex.o
LOAD ./Drivers/STM32F4xx_HAL_Driver/Src/stm32f4xx_hal_tim.o
LOAD ./Drivers/STM32F4xx_HAL_Driver/Src/stm32f4xx_hal_tim_ex.o
LOAD ./Drivers/STM32F4xx_HAL_Driver/Src/stm32f4xx_hal_uart.o
START GROUP
LOAD /home/delcoii/.eclipse/com.st.stm32cube.ide.mcu.rcp.product_1.11.2_139060371_linux_gtk_x86_64/plugins/com.st.stm32cube.ide.mcu.externaltools.gnu-tools-for-stm32.10.3-2021.10.linux64_1.0.200.202301161003/tools/bin/../lib/gcc/arm-none-eabi/10.3.1/../../../../arm-none-eabi/lib/thumb/v7e-m+fp/hard/libstdc++_nano.a
LOAD /home/delcoii/.eclipse/com.st.stm32cube.ide.mcu.rcp.product_1.11.2_139060371_linux_gtk_x86_64/plugins/com.st.stm32cube.ide.mcu.externaltools.gnu-tools-for-stm32.10.3-2021.10.linux64_1.0.200.202301161003/tools/bin/../lib/gcc/arm-none-eabi/10.3.1/../../../../arm-none-eabi/lib/thumb/v7e-m+fp/hard/libsupc++_nano.a
END GROUP
LOAD /home/delcoii/.eclipse/com.st.stm32cube.ide.mcu.rcp.product_1.11.2_139060371_linux_gtk_x86_64/plugins/com.st.stm32cube.ide.mcu.externaltools.gnu-tools-for-stm32.10.3-2021.10.linux64_1.0.200.202301161003/tools/bin/../lib/gcc/arm-none-eabi/10.3.1/../../../../arm-none-eabi/lib/thumb/v7e-m+fp/hard/libstdc++_nano.a
LOAD /home/delcoii/.eclipse/com.st.stm32cube.ide.mcu.rcp.product_1.11.2_139060371_linux_gtk_x86_64/plugins/com.st.stm32cube.ide.mcu.externaltools.gnu-tools-for-stm32.10.3-2021.10.linux64_1.0.200.202301161003/tools/bin/../lib/gcc/arm-none-eabi/10.3.1/../../../../arm-none-eabi/lib/thumb/v7e-m+fp/hard/libm.a
LOAD /home/delcoii/.eclipse/com.st.stm32cube.ide.mcu.rcp.product_1.11.2_139060371_linux_gtk_x86_64/plugins/com.st.stm32cube.ide.mcu.externaltools.gnu-tools-for-stm32.10.3-2021.10.linux64_1.0.200.202301161003/tools/bin/../lib/gcc/arm-none-eabi/10.3.1/../../../../arm-none-eabi/lib/thumb/v7e-m+fp/hard/libc_nano.a
START GROUP
LOAD /home/delcoii/.eclipse/com.st.stm32cube.ide.mcu.rcp.product_1.11.2_139060371_linux_gtk_x86_64/plugins/com.st.stm32cube.ide.mcu.externaltools.gnu-tools-for-stm32.10.3-2021.10.linux64_1.0.200.202301161003/tools/bin/../lib/gcc/arm-none-eabi/10.3.1/thumb/v7e-m+fp/hard/libgcc.a
LOAD /home/delcoii/.eclipse/com.st.stm32cube.ide.mcu.rcp.product_1.11.2_139060371_linux_gtk_x86_64/plugins/com.st.stm32cube.ide.mcu.externaltools.gnu-tools-for-stm32.10.3-2021.10.linux64_1.0.200.202301161003/tools/bin/../lib/gcc/arm-none-eabi/10.3.1/../../../../arm-none-eabi/lib/thumb/v7e-m+fp/hard/libc_nano.a
END GROUP
START GROUP
LOAD /home/delcoii/.eclipse/com.st.stm32cube.ide.mcu.rcp.product_1.11.2_139060371_linux_gtk_x86_64/plugins/com.st.stm32cube.ide.mcu.externaltools.gnu-tools-for-stm32.10.3-2021.10.linux64_1.0.200.202301161003/tools/bin/../lib/gcc/arm-none-eabi/10.3.1/thumb/v7e-m+fp/hard/libgcc.a
LOAD /home/delcoii/.eclipse/com.st.stm32cube.ide.mcu.rcp.product_1.11.2_139060371_linux_gtk_x86_64/plugins/com.st.stm32cube.ide.mcu.externaltools.gnu-tools-for-stm32.10.3-2021.10.linux64_1.0.200.202301161003/tools/bin/../lib/gcc/arm-none-eabi/10.3.1/../../../../arm-none-eabi/lib/thumb/v7e-m+fp/hard/libc_nano.a
LOAD /home/delcoii/.eclipse/com.st.stm32cube.ide.mcu.rcp.product_1.11.2_139060371_linux_gtk_x86_64/plugins/com.st.stm32cube.ide.mcu.externaltools.gnu-tools-for-stm32.10.3-2021.10.linux64_1.0.200.202301161003/tools/bin/../lib/gcc/arm-none-eabi/10.3.1/../../../../arm-none-eabi/lib/thumb/v7e-m+fp/hard/libnosys.a
END GROUP
START GROUP
LOAD /home/delcoii/.eclipse/com.st.stm32cube.ide.mcu.rcp.product_1.11.2_139060371_linux_gtk_x86_64/plugins/com.st.stm32cube.ide.mcu.externaltools.gnu-tools-for-stm32.10.3-2021.10.linux64_1.0.200.202301161003/tools/bin/../lib/gcc/arm-none-eabi/10.3.1/thumb/v7e-m+fp/hard/libgcc.a
LOAD /home/delcoii/.eclipse/com.st.stm32cube.ide.mcu.rcp.product_1.11.2_139060371_linux_gtk_x86_64/plugins/com.st.stm32cube.ide.mcu.externaltools.gnu-tools-for-stm32.10.3-2021.10.linux64_1.0.200.202301161003/tools/bin/../lib/gcc/arm-none-eabi/10.3.1/../../../../arm-none-eabi/lib/thumb/v7e-m+fp/hard/libc_nano.a
LOAD /home/delcoii/.eclipse/com.st.stm32cube.ide.mcu.rcp.product_1.11.2_139060371_linux_gtk_x86_64/plugins/com.st.stm32cube.ide.mcu.externaltools.gnu-tools-for-stm32.10.3-2021.10.linux64_1.0.200.202301161003/tools/bin/../lib/gcc/arm-none-eabi/10.3.1/../../../../arm-none-eabi/lib/thumb/v7e-m+fp/hard/libnosys.a
END GROUP
LOAD /home/delcoii/.eclipse/com.st.stm32cube.ide.mcu.rcp.product_1.11.2_139060371_linux_gtk_x86_64/plugins/com.st.stm32cube.ide.mcu.externaltools.gnu-tools-for-stm32.10.3-2021.10.linux64_1.0.200.202301161003/tools/bin/../lib/gcc/arm-none-eabi/10.3.1/thumb/v7e-m+fp/hard/crtend.o
LOAD /home/delcoii/.eclipse/com.st.stm32cube.ide.mcu.rcp.product_1.11.2_139060371_linux_gtk_x86_64/plugins/com.st.stm32cube.ide.mcu.externaltools.gnu-tools-for-stm32.10.3-2021.10.linux64_1.0.200.202301161003/tools/bin/../lib/gcc/arm-none-eabi/10.3.1/thumb/v7e-m+fp/hard/crtn.o
                0x0000000020020000                _estack = (ORIGIN (RAM) + LENGTH (RAM))
                0x0000000000000200                _Min_Heap_Size = 0x200
                0x0000000000000400                _Min_Stack_Size = 0x400

.isr_vector     0x0000000008000000      0x1c4
                0x0000000008000000                . = ALIGN (0x4)
 *(.isr_vector)
 .isr_vector    0x0000000008000000      0x1c4 ./Core/Startup/startup_stm32f446retx.o
                0x0000000008000000                g_pfnVectors
                0x00000000080001c4                . = ALIGN (0x4)

.text           0x00000000080001d0     0x8544
                0x00000000080001d0                . = ALIGN (0x4)
 *(.text)
 .text          0x00000000080001d0       0x40 /home/delcoii/.eclipse/com.st.stm32cube.ide.mcu.rcp.product_1.11.2_139060371_linux_gtk_x86_64/plugins/com.st.stm32cube.ide.mcu.externaltools.gnu-tools-for-stm32.10.3-2021.10.linux64_1.0.200.202301161003/tools/bin/../lib/gcc/arm-none-eabi/10.3.1/thumb/v7e-m+fp/hard/crtbegin.o
 .text          0x0000000008000210       0x10 /home/delcoii/.eclipse/com.st.stm32cube.ide.mcu.rcp.product_1.11.2_139060371_linux_gtk_x86_64/plugins/com.st.stm32cube.ide.mcu.externaltools.gnu-tools-for-stm32.10.3-2021.10.linux64_1.0.200.202301161003/tools/bin/../lib/gcc/arm-none-eabi/10.3.1/../../../../arm-none-eabi/lib/thumb/v7e-m+fp/hard/libc_nano.a(lib_a-strlen.o)
                0x0000000008000210                strlen
 .text          0x0000000008000220       0xa0 /home/delcoii/.eclipse/com.st.stm32cube.ide.mcu.rcp.product_1.11.2_139060371_linux_gtk_x86_64/plugins/com.st.stm32cube.ide.mcu.externaltools.gnu-tools-for-stm32.10.3-2021.10.linux64_1.0.200.202301161003/tools/bin/../lib/gcc/arm-none-eabi/10.3.1/../../../../arm-none-eabi/lib/thumb/v7e-m+fp/hard/libc_nano.a(lib_a-memchr.o)
                0x0000000008000220                memchr
 .text          0x00000000080002c0      0x378 /home/delcoii/.eclipse/com.st.stm32cube.ide.mcu.rcp.product_1.11.2_139060371_linux_gtk_x86_64/plugins/com.st.stm32cube.ide.mcu.externaltools.gnu-tools-for-stm32.10.3-2021.10.linux64_1.0.200.202301161003/tools/bin/../lib/gcc/arm-none-eabi/10.3.1/thumb/v7e-m+fp/hard/libgcc.a(_arm_addsubdf3.o)
                0x00000000080002c0                __aeabi_drsub
                0x00000000080002c8                __aeabi_dsub
                0x00000000080002c8                __subdf3
                0x00000000080002cc                __adddf3
                0x00000000080002cc                __aeabi_dadd
                0x0000000008000544                __aeabi_ui2d
                0x0000000008000544                __floatunsidf
                0x0000000008000564                __floatsidf
                0x0000000008000564                __aeabi_i2d
                0x0000000008000588                __extendsfdf2
                0x0000000008000588                __aeabi_f2d
                0x00000000080005cc                __aeabi_ul2d
                0x00000000080005cc                __floatundidf
                0x00000000080005dc                __floatdidf
                0x00000000080005dc                __aeabi_l2d
 .text          0x0000000008000638      0x424 /home/delcoii/.eclipse/com.st.stm32cube.ide.mcu.rcp.product_1.11.2_139060371_linux_gtk_x86_64/plugins/com.st.stm32cube.ide.mcu.externaltools.gnu-tools-for-stm32.10.3-2021.10.linux64_1.0.200.202301161003/tools/bin/../lib/gcc/arm-none-eabi/10.3.1/thumb/v7e-m+fp/hard/libgcc.a(_arm_muldivdf3.o)
                0x0000000008000638                __aeabi_dmul
                0x0000000008000638                __muldf3
                0x000000000800088c                __aeabi_ddiv
                0x000000000800088c                __divdf3
 .text          0x0000000008000a5c      0x110 /home/delcoii/.eclipse/com.st.stm32cube.ide.mcu.rcp.product_1.11.2_139060371_linux_gtk_x86_64/plugins/com.st.stm32cube.ide.mcu.externaltools.gnu-tools-for-stm32.10.3-2021.10.linux64_1.0.200.202301161003/tools/bin/../lib/gcc/arm-none-eabi/10.3.1/thumb/v7e-m+fp/hard/libgcc.a(_arm_cmpdf2.o)
                0x0000000008000a5c                __gtdf2
                0x0000000008000a5c                __gedf2
                0x0000000008000a64                __ltdf2
                0x0000000008000a64                __ledf2
                0x0000000008000a6c                __cmpdf2
                0x0000000008000a6c                __eqdf2
                0x0000000008000a6c                __nedf2
                0x0000000008000ae8                __aeabi_cdrcmple
                0x0000000008000af8                __aeabi_cdcmple
                0x0000000008000af8                __aeabi_cdcmpeq
                0x0000000008000b08                __aeabi_dcmpeq
                0x0000000008000b1c                __aeabi_dcmplt
                0x0000000008000b30                __aeabi_dcmple
                0x0000000008000b44                __aeabi_dcmpge
                0x0000000008000b58                __aeabi_dcmpgt
 .text          0x0000000008000b6c       0x2c /home/delcoii/.eclipse/com.st.stm32cube.ide.mcu.rcp.product_1.11.2_139060371_linux_gtk_x86_64/plugins/com.st.stm32cube.ide.mcu.externaltools.gnu-tools-for-stm32.10.3-2021.10.linux64_1.0.200.202301161003/tools/bin/../lib/gcc/arm-none-eabi/10.3.1/thumb/v7e-m+fp/hard/libgcc.a(_arm_unorddf2.o)
                0x0000000008000b6c                __aeabi_dcmpun
                0x0000000008000b6c                __unorddf2
 .text          0x0000000008000b98       0x50 /home/delcoii/.eclipse/com.st.stm32cube.ide.mcu.rcp.product_1.11.2_139060371_linux_gtk_x86_64/plugins/com.st.stm32cube.ide.mcu.externaltools.gnu-tools-for-stm32.10.3-2021.10.linux64_1.0.200.202301161003/tools/bin/../lib/gcc/arm-none-eabi/10.3.1/thumb/v7e-m+fp/hard/libgcc.a(_arm_fixdfsi.o)
                0x0000000008000b98                __fixdfsi
                0x0000000008000b98                __aeabi_d2iz
 .text          0x0000000008000be8       0x40 /home/delcoii/.eclipse/com.st.stm32cube.ide.mcu.rcp.product_1.11.2_139060371_linux_gtk_x86_64/plugins/com.st.stm32cube.ide.mcu.externaltools.gnu-tools-for-stm32.10.3-2021.10.linux64_1.0.200.202301161003/tools/bin/../lib/gcc/arm-none-eabi/10.3.1/thumb/v7e-m+fp/hard/libgcc.a(_arm_fixunsdfsi.o)
                0x0000000008000be8                __fixunsdfsi
                0x0000000008000be8                __aeabi_d2uiz
 .text          0x0000000008000c28       0xa0 /home/delcoii/.eclipse/com.st.stm32cube.ide.mcu.rcp.product_1.11.2_139060371_linux_gtk_x86_64/plugins/com.st.stm32cube.ide.mcu.externaltools.gnu-tools-for-stm32.10.3-2021.10.linux64_1.0.200.202301161003/tools/bin/../lib/gcc/arm-none-eabi/10.3.1/thumb/v7e-m+fp/hard/libgcc.a(_arm_truncdfsf2.o)
                0x0000000008000c28                __aeabi_d2f
                0x0000000008000c28                __truncdfsf2
 .text          0x0000000008000cc8       0x30 /home/delcoii/.eclipse/com.st.stm32cube.ide.mcu.rcp.product_1.11.2_139060371_linux_gtk_x86_64/plugins/com.st.stm32cube.ide.mcu.externaltools.gnu-tools-for-stm32.10.3-2021.10.linux64_1.0.200.202301161003/tools/bin/../lib/gcc/arm-none-eabi/10.3.1/thumb/v7e-m+fp/hard/libgcc.a(_aeabi_uldivmod.o)
                0x0000000008000cc8                __aeabi_uldivmod
 .text          0x0000000008000cf8       0x30 /home/delcoii/.eclipse/com.st.stm32cube.ide.mcu.rcp.product_1.11.2_139060371_linux_gtk_x86_64/plugins/com.st.stm32cube.ide.mcu.externaltools.gnu-tools-for-stm32.10.3-2021.10.linux64_1.0.200.202301161003/tools/bin/../lib/gcc/arm-none-eabi/10.3.1/thumb/v7e-m+fp/hard/libgcc.a(_fixdfdi.o)
                0x0000000008000cf8                __aeabi_d2lz
                0x0000000008000cf8                __fixdfdi
 .text          0x0000000008000d28       0x3c /home/delcoii/.eclipse/com.st.stm32cube.ide.mcu.rcp.product_1.11.2_139060371_linux_gtk_x86_64/plugins/com.st.stm32cube.ide.mcu.externaltools.gnu-tools-for-stm32.10.3-2021.10.linux64_1.0.200.202301161003/tools/bin/../lib/gcc/arm-none-eabi/10.3.1/thumb/v7e-m+fp/hard/libgcc.a(_fixunsdfdi.o)
                0x0000000008000d28                __aeabi_d2ulz
                0x0000000008000d28                __fixunsdfdi
 .text          0x0000000008000d64      0x2d0 /home/delcoii/.eclipse/com.st.stm32cube.ide.mcu.rcp.product_1.11.2_139060371_linux_gtk_x86_64/plugins/com.st.stm32cube.ide.mcu.externaltools.gnu-tools-for-stm32.10.3-2021.10.linux64_1.0.200.202301161003/tools/bin/../lib/gcc/arm-none-eabi/10.3.1/thumb/v7e-m+fp/hard/libgcc.a(_udivmoddi4.o)
                0x0000000008000d64                __udivmoddi4
 .text          0x0000000008001034        0x4 /home/delcoii/.eclipse/com.st.stm32cube.ide.mcu.rcp.product_1.11.2_139060371_linux_gtk_x86_64/plugins/com.st.stm32cube.ide.mcu.externaltools.gnu-tools-for-stm32.10.3-2021.10.linux64_1.0.200.202301161003/tools/bin/../lib/gcc/arm-none-eabi/10.3.1/thumb/v7e-m+fp/hard/libgcc.a(_dvmd_tls.o)
                0x0000000008001034                __aeabi_ldiv0
                0x0000000008001034                __aeabi_idiv0
 *(.text*)
 .text.MX_GPIO_Init
                0x0000000008001038       0xdc ./Core/Src/gpio.o
                0x0000000008001038                MX_GPIO_Init
 .text.main     0x0000000008001114       0x54 ./Core/Src/main.o
                0x0000000008001114                main
 .text._Z18SystemClock_Configv
                0x0000000008001168       0xf0 ./Core/Src/main.o
                0x0000000008001168                SystemClock_Config()
 .text.Error_Handler
                0x0000000008001258        0xa ./Core/Src/main.o
                0x0000000008001258                Error_Handler
 *fill*         0x0000000008001262        0x2 
 .text.HAL_MspInit
                0x0000000008001264       0x50 ./Core/Src/stm32f4xx_hal_msp.o
                0x0000000008001264                HAL_MspInit
 .text.NMI_Handler
                0x00000000080012b4        0x6 ./Core/Src/stm32f4xx_it.o
                0x00000000080012b4                NMI_Handler
 .text.HardFault_Handler
                0x00000000080012ba        0x6 ./Core/Src/stm32f4xx_it.o
                0x00000000080012ba                HardFault_Handler
 .text.MemManage_Handler
                0x00000000080012c0        0x6 ./Core/Src/stm32f4xx_it.o
                0x00000000080012c0                MemManage_Handler
 .text.BusFault_Handler
                0x00000000080012c6        0x6 ./Core/Src/stm32f4xx_it.o
                0x00000000080012c6                BusFault_Handler
 .text.UsageFault_Handler
                0x00000000080012cc        0x6 ./Core/Src/stm32f4xx_it.o
                0x00000000080012cc                UsageFault_Handler
 .text.SVC_Handler
                0x00000000080012d2        0xe ./Core/Src/stm32f4xx_it.o
                0x00000000080012d2                SVC_Handler
 .text.DebugMon_Handler
                0x00000000080012e0        0xe ./Core/Src/stm32f4xx_it.o
                0x00000000080012e0                DebugMon_Handler
 .text.PendSV_Handler
                0x00000000080012ee        0xe ./Core/Src/stm32f4xx_it.o
                0x00000000080012ee                PendSV_Handler
 .text.SysTick_Handler
                0x00000000080012fc        0xc ./Core/Src/stm32f4xx_it.o
                0x00000000080012fc                SysTick_Handler
 .text._getpid  0x0000000008001308       0x10 ./Core/Src/syscalls.o
                0x0000000008001308                _getpid
 .text._kill    0x0000000008001318       0x20 ./Core/Src/syscalls.o
                0x0000000008001318                _kill
 .text._exit    0x0000000008001338       0x14 ./Core/Src/syscalls.o
                0x0000000008001338                _exit
 .text._read    0x000000000800134c       0x3a ./Core/Src/syscalls.o
                0x000000000800134c                _read
 .text._write   0x0000000008001386       0x38 ./Core/Src/syscalls.o
                0x0000000008001386                _write
 .text._close   0x00000000080013be       0x18 ./Core/Src/syscalls.o
                0x00000000080013be                _close
 .text._fstat   0x00000000080013d6       0x20 ./Core/Src/syscalls.o
                0x00000000080013d6                _fstat
 .text._isatty  0x00000000080013f6       0x16 ./Core/Src/syscalls.o
                0x00000000080013f6                _isatty
 .text._lseek   0x000000000800140c       0x1a ./Core/Src/syscalls.o
                0x000000000800140c                _lseek
 *fill*         0x0000000008001426        0x2 
 .text._sbrk    0x0000000008001428       0x6c ./Core/Src/sysmem.o
                0x0000000008001428                _sbrk
 .text.SystemInit
                0x0000000008001494       0x24 ./Core/Src/system_stm32f4xx.o
                0x0000000008001494                SystemInit
 .text.MX_USART2_UART_Init
                0x00000000080014b8       0x54 ./Core/Src/usart.o
                0x00000000080014b8                MX_USART2_UART_Init
 .text.HAL_UART_MspInit
                0x000000000800150c       0x90 ./Core/Src/usart.o
                0x000000000800150c                HAL_UART_MspInit
 .text.__io_putchar
                0x000000000800159c       0x24 ./Core/Src/usart.o
                0x000000000800159c                __io_putchar
 .text.__io_getchar
                0x00000000080015c0       0x4c ./Core/Src/usart.o
                0x00000000080015c0                __io_getchar
 .text.Reset_Handler
                0x000000000800160c       0x50 ./Core/Startup/startup_stm32f446retx.o
                0x000000000800160c                Reset_Handler
 .text.Default_Handler
                0x000000000800165c        0x2 ./Core/Startup/startup_stm32f446retx.o
                0x000000000800165c                RTC_Alarm_IRQHandler
                0x000000000800165c                EXTI2_IRQHandler
                0x000000000800165c                TIM8_CC_IRQHandler
                0x000000000800165c                FMPI2C1_EV_IRQHandler
                0x000000000800165c                SPI4_IRQHandler
                0x000000000800165c                TIM1_CC_IRQHandler
                0x000000000800165c                DMA2_Stream5_IRQHandler
                0x000000000800165c                DMA1_Stream5_IRQHandler
                0x000000000800165c                PVD_IRQHandler
                0x000000000800165c                SDIO_IRQHandler
                0x000000000800165c                TAMP_STAMP_IRQHandler
                0x000000000800165c                CAN2_RX1_IRQHandler
                0x000000000800165c                EXTI3_IRQHandler
                0x000000000800165c                TIM8_TRG_COM_TIM14_IRQHandler
                0x000000000800165c                TIM1_UP_TIM10_IRQHandler
                0x000000000800165c                TIM8_UP_TIM13_IRQHandler
                0x000000000800165c                I2C3_ER_IRQHandler
                0x000000000800165c                EXTI0_IRQHandler
                0x000000000800165c                I2C2_EV_IRQHandler
                0x000000000800165c                DMA1_Stream2_IRQHandler
                0x000000000800165c                CAN1_RX0_IRQHandler
                0x000000000800165c                FPU_IRQHandler
                0x000000000800165c                OTG_HS_WKUP_IRQHandler
                0x000000000800165c                CAN2_SCE_IRQHandler
                0x000000000800165c                DMA2_Stream2_IRQHandler
                0x000000000800165c                SPI1_IRQHandler
                0x000000000800165c                TIM6_DAC_IRQHandler
                0x000000000800165c                TIM1_BRK_TIM9_IRQHandler
                0x000000000800165c                DCMI_IRQHandler
                0x000000000800165c                CAN2_RX0_IRQHandler
                0x000000000800165c                DMA2_Stream3_IRQHandler
                0x000000000800165c                SAI2_IRQHandler
                0x000000000800165c                USART6_IRQHandler
                0x000000000800165c                USART3_IRQHandler
                0x000000000800165c                CAN1_RX1_IRQHandler
                0x000000000800165c                UART5_IRQHandler
                0x000000000800165c                DMA2_Stream0_IRQHandler
                0x000000000800165c                TIM4_IRQHandler
                0x000000000800165c                QUADSPI_IRQHandler
                0x000000000800165c                I2C1_EV_IRQHandler
                0x000000000800165c                DMA1_Stream6_IRQHandler
                0x000000000800165c                DMA1_Stream1_IRQHandler
                0x000000000800165c                UART4_IRQHandler
                0x000000000800165c                TIM3_IRQHandler
                0x000000000800165c                RCC_IRQHandler
                0x000000000800165c                TIM8_BRK_TIM12_IRQHandler
                0x000000000800165c                Default_Handler
                0x000000000800165c                CEC_IRQHandler
                0x000000000800165c                EXTI15_10_IRQHandler
                0x000000000800165c                ADC_IRQHandler
                0x000000000800165c                DMA1_Stream7_IRQHandler
                0x000000000800165c                TIM7_IRQHandler
                0x000000000800165c                CAN2_TX_IRQHandler
                0x000000000800165c                TIM5_IRQHandler
                0x000000000800165c                DMA2_Stream7_IRQHandler
                0x000000000800165c                I2C3_EV_IRQHandler
                0x000000000800165c                EXTI9_5_IRQHandler
                0x000000000800165c                RTC_WKUP_IRQHandler
                0x000000000800165c                SPDIF_RX_IRQHandler
                0x000000000800165c                SPI2_IRQHandler
                0x000000000800165c                OTG_HS_EP1_IN_IRQHandler
                0x000000000800165c                DMA1_Stream0_IRQHandler
                0x000000000800165c                CAN1_TX_IRQHandler
                0x000000000800165c                FMPI2C1_ER_IRQHandler
                0x000000000800165c                EXTI4_IRQHandler
                0x000000000800165c                OTG_HS_EP1_OUT_IRQHandler
                0x000000000800165c                WWDG_IRQHandler
                0x000000000800165c                TIM2_IRQHandler
                0x000000000800165c                OTG_FS_WKUP_IRQHandler
                0x000000000800165c                TIM1_TRG_COM_TIM11_IRQHandler
                0x000000000800165c                OTG_HS_IRQHandler
                0x000000000800165c                EXTI1_IRQHandler
                0x000000000800165c                USART2_IRQHandler
                0x000000000800165c                I2C2_ER_IRQHandler
                0x000000000800165c                DMA2_Stream1_IRQHandler
                0x000000000800165c                CAN1_SCE_IRQHandler
                0x000000000800165c                FLASH_IRQHandler
                0x000000000800165c                DMA2_Stream4_IRQHandler
                0x000000000800165c                USART1_IRQHandler
                0x000000000800165c                OTG_FS_IRQHandler
                0x000000000800165c                SPI3_IRQHandler
                0x000000000800165c                DMA1_Stream4_IRQHandler
                0x000000000800165c                I2C1_ER_IRQHandler
                0x000000000800165c                FMC_IRQHandler
                0x000000000800165c                DMA2_Stream6_IRQHandler
                0x000000000800165c                SAI1_IRQHandler
                0x000000000800165c                DMA1_Stream3_IRQHandler
 *fill*         0x000000000800165e        0x2 
 .text.HAL_Init
                0x0000000008001660       0x44 ./Drivers/STM32F4xx_HAL_Driver/Src/stm32f4xx_hal.o
                0x0000000008001660                HAL_Init
 .text.HAL_InitTick
                0x00000000080016a4       0x60 ./Drivers/STM32F4xx_HAL_Driver/Src/stm32f4xx_hal.o
                0x00000000080016a4                HAL_InitTick
 .text.HAL_IncTick
                0x0000000008001704       0x28 ./Drivers/STM32F4xx_HAL_Driver/Src/stm32f4xx_hal.o
                0x0000000008001704                HAL_IncTick
 .text.HAL_GetTick
                0x000000000800172c       0x18 ./Drivers/STM32F4xx_HAL_Driver/Src/stm32f4xx_hal.o
                0x000000000800172c                HAL_GetTick
 .text.__NVIC_SetPriorityGrouping
                0x0000000008001744       0x48 ./Drivers/STM32F4xx_HAL_Driver/Src/stm32f4xx_hal_cortex.o
 .text.__NVIC_GetPriorityGrouping
                0x000000000800178c       0x1c ./Drivers/STM32F4xx_HAL_Driver/Src/stm32f4xx_hal_cortex.o
 .text.__NVIC_SetPriority
                0x00000000080017a8       0x54 ./Drivers/STM32F4xx_HAL_Driver/Src/stm32f4xx_hal_cortex.o
 .text.NVIC_EncodePriority
                0x00000000080017fc       0x66 ./Drivers/STM32F4xx_HAL_Driver/Src/stm32f4xx_hal_cortex.o
 *fill*         0x0000000008001862        0x2 
 .text.SysTick_Config
                0x0000000008001864       0x44 ./Drivers/STM32F4xx_HAL_Driver/Src/stm32f4xx_hal_cortex.o
 .text.HAL_NVIC_SetPriorityGrouping
                0x00000000080018a8       0x16 ./Drivers/STM32F4xx_HAL_Driver/Src/stm32f4xx_hal_cortex.o
                0x00000000080018a8                HAL_NVIC_SetPriorityGrouping
 .text.HAL_NVIC_SetPriority
                0x00000000080018be       0x38 ./Drivers/STM32F4xx_HAL_Driver/Src/stm32f4xx_hal_cortex.o
                0x00000000080018be                HAL_NVIC_SetPriority
 .text.HAL_SYSTICK_Config
                0x00000000080018f6       0x18 ./Drivers/STM32F4xx_HAL_Driver/Src/stm32f4xx_hal_cortex.o
                0x00000000080018f6                HAL_SYSTICK_Config
 *fill*         0x000000000800190e        0x2 
 .text.HAL_GPIO_Init
                0x0000000008001910      0x328 ./Drivers/STM32F4xx_HAL_Driver/Src/stm32f4xx_hal_gpio.o
                0x0000000008001910                HAL_GPIO_Init
 .text.HAL_GPIO_WritePin
                0x0000000008001c38       0x32 ./Drivers/STM32F4xx_HAL_Driver/Src/stm32f4xx_hal_gpio.o
                0x0000000008001c38                HAL_GPIO_WritePin
 *fill*         0x0000000008001c6a        0x2 
 .text.HAL_RCC_ClockConfig
                0x0000000008001c6c      0x1cc ./Drivers/STM32F4xx_HAL_Driver/Src/stm32f4xx_hal_rcc.o
                0x0000000008001c6c                HAL_RCC_ClockConfig
 .text.HAL_RCC_GetHCLKFreq
                0x0000000008001e38       0x18 ./Drivers/STM32F4xx_HAL_Driver/Src/stm32f4xx_hal_rcc.o
                0x0000000008001e38                HAL_RCC_GetHCLKFreq
 .text.HAL_RCC_GetPCLK1Freq
                0x0000000008001e50       0x28 ./Drivers/STM32F4xx_HAL_Driver/Src/stm32f4xx_hal_rcc.o
                0x0000000008001e50                HAL_RCC_GetPCLK1Freq
 .text.HAL_RCC_GetPCLK2Freq
                0x0000000008001e78       0x28 ./Drivers/STM32F4xx_HAL_Driver/Src/stm32f4xx_hal_rcc.o
                0x0000000008001e78                HAL_RCC_GetPCLK2Freq
 .text.HAL_RCC_GetSysClockFreq
                0x0000000008001ea0      0x460 ./Drivers/STM32F4xx_HAL_Driver/Src/stm32f4xx_hal_rcc_ex.o
                0x0000000008001ea0                HAL_RCC_GetSysClockFreq
 .text.HAL_RCC_OscConfig
                0x0000000008002300      0x53c ./Drivers/STM32F4xx_HAL_Driver/Src/stm32f4xx_hal_rcc_ex.o
                0x0000000008002300                HAL_RCC_OscConfig
 .text.HAL_UART_Init
                0x000000000800283c       0x9a ./Drivers/STM32F4xx_HAL_Driver/Src/stm32f4xx_hal_uart.o
                0x000000000800283c                HAL_UART_Init
 .text.HAL_UART_Transmit
                0x00000000080028d6      0x124 ./Drivers/STM32F4xx_HAL_Driver/Src/stm32f4xx_hal_uart.o
                0x00000000080028d6                HAL_UART_Transmit
 .text.HAL_UART_Receive
                0x00000000080029fa      0x144 ./Drivers/STM32F4xx_HAL_Driver/Src/stm32f4xx_hal_uart.o
                0x00000000080029fa                HAL_UART_Receive
 .text.UART_WaitOnFlagUntilTimeout
                0x0000000008002b3e       0xdc ./Drivers/STM32F4xx_HAL_Driver/Src/stm32f4xx_hal_uart.o
 *fill*         0x0000000008002c1a        0x2 
 .text.UART_SetConfig
                0x0000000008002c1c      0x4e8 ./Drivers/STM32F4xx_HAL_Driver/Src/stm32f4xx_hal_uart.o
 .text.__errno  0x0000000008003104        0xc /home/delcoii/.eclipse/com.st.stm32cube.ide.mcu.rcp.product_1.11.2_139060371_linux_gtk_x86_64/plugins/com.st.stm32cube.ide.mcu.externaltools.gnu-tools-for-stm32.10.3-2021.10.linux64_1.0.200.202301161003/tools/bin/../lib/gcc/arm-none-eabi/10.3.1/../../../../arm-none-eabi/lib/thumb/v7e-m+fp/hard/libc_nano.a(lib_a-errno.o)
                0x0000000008003104                __errno
 .text.__libc_init_array
                0x0000000008003110       0x48 /home/delcoii/.eclipse/com.st.stm32cube.ide.mcu.rcp.product_1.11.2_139060371_linux_gtk_x86_64/plugins/com.st.stm32cube.ide.mcu.externaltools.gnu-tools-for-stm32.10.3-2021.10.linux64_1.0.200.202301161003/tools/bin/../lib/gcc/arm-none-eabi/10.3.1/../../../../arm-none-eabi/lib/thumb/v7e-m+fp/hard/libc_nano.a(lib_a-init.o)
                0x0000000008003110                __libc_init_array
 .text.memset   0x0000000008003158       0x10 /home/delcoii/.eclipse/com.st.stm32cube.ide.mcu.rcp.product_1.11.2_139060371_linux_gtk_x86_64/plugins/com.st.stm32cube.ide.mcu.externaltools.gnu-tools-for-stm32.10.3-2021.10.linux64_1.0.200.202301161003/tools/bin/../lib/gcc/arm-none-eabi/10.3.1/../../../../arm-none-eabi/lib/thumb/v7e-m+fp/hard/libc_nano.a(lib_a-memset.o)
                0x0000000008003158                memset
 .text.__cvt    0x0000000008003168       0xc4 /home/delcoii/.eclipse/com.st.stm32cube.ide.mcu.rcp.product_1.11.2_139060371_linux_gtk_x86_64/plugins/com.st.stm32cube.ide.mcu.externaltools.gnu-tools-for-stm32.10.3-2021.10.linux64_1.0.200.202301161003/tools/bin/../lib/gcc/arm-none-eabi/10.3.1/../../../../arm-none-eabi/lib/thumb/v7e-m+fp/hard/libc_nano.a(lib_a-nano-vfprintf_float.o)
                0x0000000008003168                __cvt
 .text.__exponent
                0x000000000800322c       0x7c /home/delcoii/.eclipse/com.st.stm32cube.ide.mcu.rcp.product_1.11.2_139060371_linux_gtk_x86_64/plugins/com.st.stm32cube.ide.mcu.externaltools.gnu-tools-for-stm32.10.3-2021.10.linux64_1.0.200.202301161003/tools/bin/../lib/gcc/arm-none-eabi/10.3.1/../../../../arm-none-eabi/lib/thumb/v7e-m+fp/hard/libc_nano.a(lib_a-nano-vfprintf_float.o)
                0x000000000800322c                __exponent
 .text._printf_float
                0x00000000080032a8      0x46c /home/delcoii/.eclipse/com.st.stm32cube.ide.mcu.rcp.product_1.11.2_139060371_linux_gtk_x86_64/plugins/com.st.stm32cube.ide.mcu.externaltools.gnu-tools-for-stm32.10.3-2021.10.linux64_1.0.200.202301161003/tools/bin/../lib/gcc/arm-none-eabi/10.3.1/../../../../arm-none-eabi/lib/thumb/v7e-m+fp/hard/libc_nano.a(lib_a-nano-vfprintf_float.o)
                0x00000000080032a8                _printf_float
 .text._printf_common
                0x0000000008003714       0xda /home/delcoii/.eclipse/com.st.stm32cube.ide.mcu.rcp.product_1.11.2_139060371_linux_gtk_x86_64/plugins/com.st.stm32cube.ide.mcu.externaltools.gnu-tools-for-stm32.10.3-2021.10.linux64_1.0.200.202301161003/tools/bin/../lib/gcc/arm-none-eabi/10.3.1/../../../../arm-none-eabi/lib/thumb/v7e-m+fp/hard/libc_nano.a(lib_a-nano-vfprintf_i.o)
                0x0000000008003714                _printf_common
 *fill*         0x00000000080037ee        0x2 
 .text._printf_i
                0x00000000080037f0      0x24c /home/delcoii/.eclipse/com.st.stm32cube.ide.mcu.rcp.product_1.11.2_139060371_linux_gtk_x86_64/plugins/com.st.stm32cube.ide.mcu.externaltools.gnu-tools-for-stm32.10.3-2021.10.linux64_1.0.200.202301161003/tools/bin/../lib/gcc/arm-none-eabi/10.3.1/../../../../arm-none-eabi/lib/thumb/v7e-m+fp/hard/libc_nano.a(lib_a-nano-vfprintf_i.o)
                0x00000000080037f0                _printf_i
 .text._scanf_float
                0x0000000008003a3c      0x420 /home/delcoii/.eclipse/com.st.stm32cube.ide.mcu.rcp.product_1.11.2_139060371_linux_gtk_x86_64/plugins/com.st.stm32cube.ide.mcu.externaltools.gnu-tools-for-stm32.10.3-2021.10.linux64_1.0.200.202301161003/tools/bin/../lib/gcc/arm-none-eabi/10.3.1/../../../../arm-none-eabi/lib/thumb/v7e-m+fp/hard/libc_nano.a(lib_a-nano-vfscanf_float.o)
                0x0000000008003a3c                _scanf_float
 .text.printf   0x0000000008003e5c       0x30 /home/delcoii/.eclipse/com.st.stm32cube.ide.mcu.rcp.product_1.11.2_139060371_linux_gtk_x86_64/plugins/com.st.stm32cube.ide.mcu.externaltools.gnu-tools-for-stm32.10.3-2021.10.linux64_1.0.200.202301161003/tools/bin/../lib/gcc/arm-none-eabi/10.3.1/../../../../arm-none-eabi/lib/thumb/v7e-m+fp/hard/libc_nano.a(lib_a-printf.o)
                0x0000000008003e5c                printf
                0x0000000008003e5c                iprintf
 .text.scanf    0x0000000008003e8c       0x30 /home/delcoii/.eclipse/com.st.stm32cube.ide.mcu.rcp.product_1.11.2_139060371_linux_gtk_x86_64/plugins/com.st.stm32cube.ide.mcu.externaltools.gnu-tools-for-stm32.10.3-2021.10.linux64_1.0.200.202301161003/tools/bin/../lib/gcc/arm-none-eabi/10.3.1/../../../../arm-none-eabi/lib/thumb/v7e-m+fp/hard/libc_nano.a(lib_a-scanf.o)
                0x0000000008003e8c                iscanf
                0x0000000008003e8c                scanf
 .text.setvbuf  0x0000000008003ebc      0x18c /home/delcoii/.eclipse/com.st.stm32cube.ide.mcu.rcp.product_1.11.2_139060371_linux_gtk_x86_64/plugins/com.st.stm32cube.ide.mcu.externaltools.gnu-tools-for-stm32.10.3-2021.10.linux64_1.0.200.202301161003/tools/bin/../lib/gcc/arm-none-eabi/10.3.1/../../../../arm-none-eabi/lib/thumb/v7e-m+fp/hard/libc_nano.a(lib_a-setvbuf.o)
                0x0000000008003ebc                setvbuf
 .text.nanf     0x0000000008004048        0xc /home/delcoii/.eclipse/com.st.stm32cube.ide.mcu.rcp.product_1.11.2_139060371_linux_gtk_x86_64/plugins/com.st.stm32cube.ide.mcu.externaltools.gnu-tools-for-stm32.10.3-2021.10.linux64_1.0.200.202301161003/tools/bin/../lib/gcc/arm-none-eabi/10.3.1/../../../../arm-none-eabi/lib/thumb/v7e-m+fp/hard/libc_nano.a(lib_a-sf_nan.o)
                0x0000000008004048                nanf
 .text.sprintf  0x0000000008004054       0x40 /home/delcoii/.eclipse/com.st.stm32cube.ide.mcu.rcp.product_1.11.2_139060371_linux_gtk_x86_64/plugins/com.st.stm32cube.ide.mcu.externaltools.gnu-tools-for-stm32.10.3-2021.10.linux64_1.0.200.202301161003/tools/bin/../lib/gcc/arm-none-eabi/10.3.1/../../../../arm-none-eabi/lib/thumb/v7e-m+fp/hard/libc_nano.a(lib_a-sprintf.o)
                0x0000000008004054                sprintf
                0x0000000008004054                siprintf
 .text.sulp     0x0000000008004094       0x38 /home/delcoii/.eclipse/com.st.stm32cube.ide.mcu.rcp.product_1.11.2_139060371_linux_gtk_x86_64/plugins/com.st.stm32cube.ide.mcu.externaltools.gnu-tools-for-stm32.10.3-2021.10.linux64_1.0.200.202301161003/tools/bin/../lib/gcc/arm-none-eabi/10.3.1/../../../../arm-none-eabi/lib/thumb/v7e-m+fp/hard/libc_nano.a(lib_a-strtod.o)
 *fill*         0x00000000080040cc        0x4 
 .text._strtod_l
                0x00000000080040d0      0xc0c /home/delcoii/.eclipse/com.st.stm32cube.ide.mcu.rcp.product_1.11.2_139060371_linux_gtk_x86_64/plugins/com.st.stm32cube.ide.mcu.externaltools.gnu-tools-for-stm32.10.3-2021.10.linux64_1.0.200.202301161003/tools/bin/../lib/gcc/arm-none-eabi/10.3.1/../../../../arm-none-eabi/lib/thumb/v7e-m+fp/hard/libc_nano.a(lib_a-strtod.o)
                0x00000000080040d0                _strtod_l
 .text._strtod_r
                0x0000000008004cdc        0xc /home/delcoii/.eclipse/com.st.stm32cube.ide.mcu.rcp.product_1.11.2_139060371_linux_gtk_x86_64/plugins/com.st.stm32cube.ide.mcu.externaltools.gnu-tools-for-stm32.10.3-2021.10.linux64_1.0.200.202301161003/tools/bin/../lib/gcc/arm-none-eabi/10.3.1/../../../../arm-none-eabi/lib/thumb/v7e-m+fp/hard/libc_nano.a(lib_a-strtod.o)
                0x0000000008004cdc                _strtod_r
 .text._strtol_l.constprop.0
                0x0000000008004ce8      0x104 /home/delcoii/.eclipse/com.st.stm32cube.ide.mcu.rcp.product_1.11.2_139060371_linux_gtk_x86_64/plugins/com.st.stm32cube.ide.mcu.externaltools.gnu-tools-for-stm32.10.3-2021.10.linux64_1.0.200.202301161003/tools/bin/../lib/gcc/arm-none-eabi/10.3.1/../../../../arm-none-eabi/lib/thumb/v7e-m+fp/hard/libc_nano.a(lib_a-strtol.o)
 .text._strtol_r
                0x0000000008004dec        0x4 /home/delcoii/.eclipse/com.st.stm32cube.ide.mcu.rcp.product_1.11.2_139060371_linux_gtk_x86_64/plugins/com.st.stm32cube.ide.mcu.externaltools.gnu-tools-for-stm32.10.3-2021.10.linux64_1.0.200.202301161003/tools/bin/../lib/gcc/arm-none-eabi/10.3.1/../../../../arm-none-eabi/lib/thumb/v7e-m+fp/hard/libc_nano.a(lib_a-strtol.o)
                0x0000000008004dec                _strtol_r
 .text.quorem   0x0000000008004df0      0x116 /home/delcoii/.eclipse/com.st.stm32cube.ide.mcu.rcp.product_1.11.2_139060371_linux_gtk_x86_64/plugins/com.st.stm32cube.ide.mcu.externaltools.gnu-tools-for-stm32.10.3-2021.10.linux64_1.0.200.202301161003/tools/bin/../lib/gcc/arm-none-eabi/10.3.1/../../../../arm-none-eabi/lib/thumb/v7e-m+fp/hard/libc_nano.a(lib_a-dtoa.o)
 *fill*         0x0000000008004f06        0x2 
 .text._dtoa_r  0x0000000008004f08      0xbdc /home/delcoii/.eclipse/com.st.stm32cube.ide.mcu.rcp.product_1.11.2_139060371_linux_gtk_x86_64/plugins/com.st.stm32cube.ide.mcu.externaltools.gnu-tools-for-stm32.10.3-2021.10.linux64_1.0.200.202301161003/tools/bin/../lib/gcc/arm-none-eabi/10.3.1/../../../../arm-none-eabi/lib/thumb/v7e-m+fp/hard/libc_nano.a(lib_a-dtoa.o)
                0x0000000008004f08                _dtoa_r
 .text.__sflush_r
                0x0000000008005ae4      0x10c /home/delcoii/.eclipse/com.st.stm32cube.ide.mcu.rcp.product_1.11.2_139060371_linux_gtk_x86_64/plugins/com.st.stm32cube.ide.mcu.externaltools.gnu-tools-for-stm32.10.3-2021.10.linux64_1.0.200.202301161003/tools/bin/../lib/gcc/arm-none-eabi/10.3.1/../../../../arm-none-eabi/lib/thumb/v7e-m+fp/hard/libc_nano.a(lib_a-fflush.o)
                0x0000000008005ae4                __sflush_r
 .text._fflush_r
                0x0000000008005bf0       0x78 /home/delcoii/.eclipse/com.st.stm32cube.ide.mcu.rcp.product_1.11.2_139060371_linux_gtk_x86_64/plugins/com.st.stm32cube.ide.mcu.externaltools.gnu-tools-for-stm32.10.3-2021.10.linux64_1.0.200.202301161003/tools/bin/../lib/gcc/arm-none-eabi/10.3.1/../../../../arm-none-eabi/lib/thumb/v7e-m+fp/hard/libc_nano.a(lib_a-fflush.o)
                0x0000000008005bf0                _fflush_r
 .text.fflush   0x0000000008005c68       0x24 /home/delcoii/.eclipse/com.st.stm32cube.ide.mcu.rcp.product_1.11.2_139060371_linux_gtk_x86_64/plugins/com.st.stm32cube.ide.mcu.externaltools.gnu-tools-for-stm32.10.3-2021.10.linux64_1.0.200.202301161003/tools/bin/../lib/gcc/arm-none-eabi/10.3.1/../../../../arm-none-eabi/lib/thumb/v7e-m+fp/hard/libc_nano.a(lib_a-fflush.o)
                0x0000000008005c68                fflush
 .text.std      0x0000000008005c8c       0x48 /home/delcoii/.eclipse/com.st.stm32cube.ide.mcu.rcp.product_1.11.2_139060371_linux_gtk_x86_64/plugins/com.st.stm32cube.ide.mcu.externaltools.gnu-tools-for-stm32.10.3-2021.10.linux64_1.0.200.202301161003/tools/bin/../lib/gcc/arm-none-eabi/10.3.1/../../../../arm-none-eabi/lib/thumb/v7e-m+fp/hard/libc_nano.a(lib_a-findfp.o)
 .text._cleanup_r
                0x0000000008005cd4        0xc /home/delcoii/.eclipse/com.st.stm32cube.ide.mcu.rcp.product_1.11.2_139060371_linux_gtk_x86_64/plugins/com.st.stm32cube.ide.mcu.externaltools.gnu-tools-for-stm32.10.3-2021.10.linux64_1.0.200.202301161003/tools/bin/../lib/gcc/arm-none-eabi/10.3.1/../../../../arm-none-eabi/lib/thumb/v7e-m+fp/hard/libc_nano.a(lib_a-findfp.o)
                0x0000000008005cd4                _cleanup_r
 .text.__sfmoreglue
                0x0000000008005ce0       0x2c /home/delcoii/.eclipse/com.st.stm32cube.ide.mcu.rcp.product_1.11.2_139060371_linux_gtk_x86_64/plugins/com.st.stm32cube.ide.mcu.externaltools.gnu-tools-for-stm32.10.3-2021.10.linux64_1.0.200.202301161003/tools/bin/../lib/gcc/arm-none-eabi/10.3.1/../../../../arm-none-eabi/lib/thumb/v7e-m+fp/hard/libc_nano.a(lib_a-findfp.o)
                0x0000000008005ce0                __sfmoreglue
 .text.__sfp_lock_acquire
                0x0000000008005d0c        0xc /home/delcoii/.eclipse/com.st.stm32cube.ide.mcu.rcp.product_1.11.2_139060371_linux_gtk_x86_64/plugins/com.st.stm32cube.ide.mcu.externaltools.gnu-tools-for-stm32.10.3-2021.10.linux64_1.0.200.202301161003/tools/bin/../lib/gcc/arm-none-eabi/10.3.1/../../../../arm-none-eabi/lib/thumb/v7e-m+fp/hard/libc_nano.a(lib_a-findfp.o)
                0x0000000008005d0c                __sfp_lock_acquire
 .text.__sfp_lock_release
                0x0000000008005d18        0xc /home/delcoii/.eclipse/com.st.stm32cube.ide.mcu.rcp.product_1.11.2_139060371_linux_gtk_x86_64/plugins/com.st.stm32cube.ide.mcu.externaltools.gnu-tools-for-stm32.10.3-2021.10.linux64_1.0.200.202301161003/tools/bin/../lib/gcc/arm-none-eabi/10.3.1/../../../../arm-none-eabi/lib/thumb/v7e-m+fp/hard/libc_nano.a(lib_a-findfp.o)
                0x0000000008005d18                __sfp_lock_release
 .text.__sinit_lock_acquire
                0x0000000008005d24        0xc /home/delcoii/.eclipse/com.st.stm32cube.ide.mcu.rcp.product_1.11.2_139060371_linux_gtk_x86_64/plugins/com.st.stm32cube.ide.mcu.externaltools.gnu-tools-for-stm32.10.3-2021.10.linux64_1.0.200.202301161003/tools/bin/../lib/gcc/arm-none-eabi/10.3.1/../../../../arm-none-eabi/lib/thumb/v7e-m+fp/hard/libc_nano.a(lib_a-findfp.o)
                0x0000000008005d24                __sinit_lock_acquire
 .text.__sinit_lock_release
                0x0000000008005d30        0xc /home/delcoii/.eclipse/com.st.stm32cube.ide.mcu.rcp.product_1.11.2_139060371_linux_gtk_x86_64/plugins/com.st.stm32cube.ide.mcu.externaltools.gnu-tools-for-stm32.10.3-2021.10.linux64_1.0.200.202301161003/tools/bin/../lib/gcc/arm-none-eabi/10.3.1/../../../../arm-none-eabi/lib/thumb/v7e-m+fp/hard/libc_nano.a(lib_a-findfp.o)
                0x0000000008005d30                __sinit_lock_release
 .text.__sinit  0x0000000008005d3c       0x70 /home/delcoii/.eclipse/com.st.stm32cube.ide.mcu.rcp.product_1.11.2_139060371_linux_gtk_x86_64/plugins/com.st.stm32cube.ide.mcu.externaltools.gnu-tools-for-stm32.10.3-2021.10.linux64_1.0.200.202301161003/tools/bin/../lib/gcc/arm-none-eabi/10.3.1/../../../../arm-none-eabi/lib/thumb/v7e-m+fp/hard/libc_nano.a(lib_a-findfp.o)
                0x0000000008005d3c                __sinit
 .text.__sfp    0x0000000008005dac       0x8c /home/delcoii/.eclipse/com.st.stm32cube.ide.mcu.rcp.product_1.11.2_139060371_linux_gtk_x86_64/plugins/com.st.stm32cube.ide.mcu.externaltools.gnu-tools-for-stm32.10.3-2021.10.linux64_1.0.200.202301161003/tools/bin/../lib/gcc/arm-none-eabi/10.3.1/../../../../arm-none-eabi/lib/thumb/v7e-m+fp/hard/libc_nano.a(lib_a-findfp.o)
                0x0000000008005dac                __sfp
 .text._fwalk   0x0000000008005e38       0x3a /home/delcoii/.eclipse/com.st.stm32cube.ide.mcu.rcp.product_1.11.2_139060371_linux_gtk_x86_64/plugins/com.st.stm32cube.ide.mcu.externaltools.gnu-tools-for-stm32.10.3-2021.10.linux64_1.0.200.202301161003/tools/bin/../lib/gcc/arm-none-eabi/10.3.1/../../../../arm-none-eabi/lib/thumb/v7e-m+fp/hard/libc_nano.a(lib_a-fwalk.o)
                0x0000000008005e38                _fwalk
 .text._fwalk_reent
                0x0000000008005e72       0x3e /home/delcoii/.eclipse/com.st.stm32cube.ide.mcu.rcp.product_1.11.2_139060371_linux_gtk_x86_64/plugins/com.st.stm32cube.ide.mcu.externaltools.gnu-tools-for-stm32.10.3-2021.10.linux64_1.0.200.202301161003/tools/bin/../lib/gcc/arm-none-eabi/10.3.1/../../../../arm-none-eabi/lib/thumb/v7e-m+fp/hard/libc_nano.a(lib_a-fwalk.o)
                0x0000000008005e72                _fwalk_reent
 .text.rshift   0x0000000008005eb0       0xa4 /home/delcoii/.eclipse/com.st.stm32cube.ide.mcu.rcp.product_1.11.2_139060371_linux_gtk_x86_64/plugins/com.st.stm32cube.ide.mcu.externaltools.gnu-tools-for-stm32.10.3-2021.10.linux64_1.0.200.202301161003/tools/bin/../lib/gcc/arm-none-eabi/10.3.1/../../../../arm-none-eabi/lib/thumb/v7e-m+fp/hard/libc_nano.a(lib_a-gdtoa-gethex.o)
 .text.__hexdig_fun
                0x0000000008005f54       0x2a /home/delcoii/.eclipse/com.st.stm32cube.ide.mcu.rcp.product_1.11.2_139060371_linux_gtk_x86_64/plugins/com.st.stm32cube.ide.mcu.externaltools.gnu-tools-for-stm32.10.3-2021.10.linux64_1.0.200.202301161003/tools/bin/../lib/gcc/arm-none-eabi/10.3.1/../../../../arm-none-eabi/lib/thumb/v7e-m+fp/hard/libc_nano.a(lib_a-gdtoa-gethex.o)
                0x0000000008005f54                __hexdig_fun
 *fill*         0x0000000008005f7e        0x2 
 .text.__gethex
                0x0000000008005f80      0x48c /home/delcoii/.eclipse/com.st.stm32cube.ide.mcu.rcp.product_1.11.2_139060371_linux_gtk_x86_64/plugins/com.st.stm32cube.ide.mcu.externaltools.gnu-tools-for-stm32.10.3-2021.10.linux64_1.0.200.202301161003/tools/bin/../lib/gcc/arm-none-eabi/10.3.1/../../../../arm-none-eabi/lib/thumb/v7e-m+fp/hard/libc_nano.a(lib_a-gdtoa-gethex.o)
                0x0000000008005f80                __gethex
 .text.L_shift  0x000000000800640c       0x24 /home/delcoii/.eclipse/com.st.stm32cube.ide.mcu.rcp.product_1.11.2_139060371_linux_gtk_x86_64/plugins/com.st.stm32cube.ide.mcu.externaltools.gnu-tools-for-stm32.10.3-2021.10.linux64_1.0.200.202301161003/tools/bin/../lib/gcc/arm-none-eabi/10.3.1/../../../../arm-none-eabi/lib/thumb/v7e-m+fp/hard/libc_nano.a(lib_a-gdtoa-hexnan.o)
 .text.__match  0x0000000008006430       0x28 /home/delcoii/.eclipse/com.st.stm32cube.ide.mcu.rcp.product_1.11.2_139060371_linux_gtk_x86_64/plugins/com.st.stm32cube.ide.mcu.externaltools.gnu-tools-for-stm32.10.3-2021.10.linux64_1.0.200.202301161003/tools/bin/../lib/gcc/arm-none-eabi/10.3.1/../../../../arm-none-eabi/lib/thumb/v7e-m+fp/hard/libc_nano.a(lib_a-gdtoa-hexnan.o)
                0x0000000008006430                __match
 .text.__hexnan
                0x0000000008006458      0x138 /home/delcoii/.eclipse/com.st.stm32cube.ide.mcu.rcp.product_1.11.2_139060371_linux_gtk_x86_64/plugins/com.st.stm32cube.ide.mcu.externaltools.gnu-tools-for-stm32.10.3-2021.10.linux64_1.0.200.202301161003/tools/bin/../lib/gcc/arm-none-eabi/10.3.1/../../../../arm-none-eabi/lib/thumb/v7e-m+fp/hard/libc_nano.a(lib_a-gdtoa-hexnan.o)
                0x0000000008006458                __hexnan
 .text._localeconv_r
                0x0000000008006590        0x8 /home/delcoii/.eclipse/com.st.stm32cube.ide.mcu.rcp.product_1.11.2_139060371_linux_gtk_x86_64/plugins/com.st.stm32cube.ide.mcu.externaltools.gnu-tools-for-stm32.10.3-2021.10.linux64_1.0.200.202301161003/tools/bin/../lib/gcc/arm-none-eabi/10.3.1/../../../../arm-none-eabi/lib/thumb/v7e-m+fp/hard/libc_nano.a(lib_a-localeconv.o)
                0x0000000008006590                _localeconv_r
 .text.__retarget_lock_init_recursive
                0x0000000008006598        0x2 /home/delcoii/.eclipse/com.st.stm32cube.ide.mcu.rcp.product_1.11.2_139060371_linux_gtk_x86_64/plugins/com.st.stm32cube.ide.mcu.externaltools.gnu-tools-for-stm32.10.3-2021.10.linux64_1.0.200.202301161003/tools/bin/../lib/gcc/arm-none-eabi/10.3.1/../../../../arm-none-eabi/lib/thumb/v7e-m+fp/hard/libc_nano.a(lib_a-lock.o)
                0x0000000008006598                __retarget_lock_init_recursive
 .text.__retarget_lock_acquire_recursive
                0x000000000800659a        0x2 /home/delcoii/.eclipse/com.st.stm32cube.ide.mcu.rcp.product_1.11.2_139060371_linux_gtk_x86_64/plugins/com.st.stm32cube.ide.mcu.externaltools.gnu-tools-for-stm32.10.3-2021.10.linux64_1.0.200.202301161003/tools/bin/../lib/gcc/arm-none-eabi/10.3.1/../../../../arm-none-eabi/lib/thumb/v7e-m+fp/hard/libc_nano.a(lib_a-lock.o)
                0x000000000800659a                __retarget_lock_acquire_recursive
 .text.__retarget_lock_release_recursive
                0x000000000800659c        0x2 /home/delcoii/.eclipse/com.st.stm32cube.ide.mcu.rcp.product_1.11.2_139060371_linux_gtk_x86_64/plugins/com.st.stm32cube.ide.mcu.externaltools.gnu-tools-for-stm32.10.3-2021.10.linux64_1.0.200.202301161003/tools/bin/../lib/gcc/arm-none-eabi/10.3.1/../../../../arm-none-eabi/lib/thumb/v7e-m+fp/hard/libc_nano.a(lib_a-lock.o)
                0x000000000800659c                __retarget_lock_release_recursive
 .text.__swhatbuf_r
                0x000000000800659e       0x4a /home/delcoii/.eclipse/com.st.stm32cube.ide.mcu.rcp.product_1.11.2_139060371_linux_gtk_x86_64/plugins/com.st.stm32cube.ide.mcu.externaltools.gnu-tools-for-stm32.10.3-2021.10.linux64_1.0.200.202301161003/tools/bin/../lib/gcc/arm-none-eabi/10.3.1/../../../../arm-none-eabi/lib/thumb/v7e-m+fp/hard/libc_nano.a(lib_a-makebuf.o)
                0x000000000800659e                __swhatbuf_r
 .text.__smakebuf_r
                0x00000000080065e8       0x80 /home/delcoii/.eclipse/com.st.stm32cube.ide.mcu.rcp.product_1.11.2_139060371_linux_gtk_x86_64/plugins/com.st.stm32cube.ide.mcu.externaltools.gnu-tools-for-stm32.10.3-2021.10.linux64_1.0.200.202301161003/tools/bin/../lib/gcc/arm-none-eabi/10.3.1/../../../../arm-none-eabi/lib/thumb/v7e-m+fp/hard/libc_nano.a(lib_a-makebuf.o)
                0x00000000080065e8                __smakebuf_r
 .text.malloc   0x0000000008006668       0x10 /home/delcoii/.eclipse/com.st.stm32cube.ide.mcu.rcp.product_1.11.2_139060371_linux_gtk_x86_64/plugins/com.st.stm32cube.ide.mcu.externaltools.gnu-tools-for-stm32.10.3-2021.10.linux64_1.0.200.202301161003/tools/bin/../lib/gcc/arm-none-eabi/10.3.1/../../../../arm-none-eabi/lib/thumb/v7e-m+fp/hard/libc_nano.a(lib_a-malloc.o)
                0x0000000008006668                malloc
 .text.__ascii_mbtowc
                0x0000000008006678       0x24 /home/delcoii/.eclipse/com.st.stm32cube.ide.mcu.rcp.product_1.11.2_139060371_linux_gtk_x86_64/plugins/com.st.stm32cube.ide.mcu.externaltools.gnu-tools-for-stm32.10.3-2021.10.linux64_1.0.200.202301161003/tools/bin/../lib/gcc/arm-none-eabi/10.3.1/../../../../arm-none-eabi/lib/thumb/v7e-m+fp/hard/libc_nano.a(lib_a-mbtowc_r.o)
                0x0000000008006678                __ascii_mbtowc
 .text.memcpy   0x000000000800669c       0x1c /home/delcoii/.eclipse/com.st.stm32cube.ide.mcu.rcp.product_1.11.2_139060371_linux_gtk_x86_64/plugins/com.st.stm32cube.ide.mcu.externaltools.gnu-tools-for-stm32.10.3-2021.10.linux64_1.0.200.202301161003/tools/bin/../lib/gcc/arm-none-eabi/10.3.1/../../../../arm-none-eabi/lib/thumb/v7e-m+fp/hard/libc_nano.a(lib_a-memcpy-stub.o)
                0x000000000800669c                memcpy
 .text._Balloc  0x00000000080066b8       0x80 /home/delcoii/.eclipse/com.st.stm32cube.ide.mcu.rcp.product_1.11.2_139060371_linux_gtk_x86_64/plugins/com.st.stm32cube.ide.mcu.externaltools.gnu-tools-for-stm32.10.3-2021.10.linux64_1.0.200.202301161003/tools/bin/../lib/gcc/arm-none-eabi/10.3.1/../../../../arm-none-eabi/lib/thumb/v7e-m+fp/hard/libc_nano.a(lib_a-mprec.o)
                0x00000000080066b8                _Balloc
 .text._Bfree   0x0000000008006738       0x44 /home/delcoii/.eclipse/com.st.stm32cube.ide.mcu.rcp.product_1.11.2_139060371_linux_gtk_x86_64/plugins/com.st.stm32cube.ide.mcu.externaltools.gnu-tools-for-stm32.10.3-2021.10.linux64_1.0.200.202301161003/tools/bin/../lib/gcc/arm-none-eabi/10.3.1/../../../../arm-none-eabi/lib/thumb/v7e-m+fp/hard/libc_nano.a(lib_a-mprec.o)
                0x0000000008006738                _Bfree
 .text.__multadd
                0x000000000800677c       0x8c /home/delcoii/.eclipse/com.st.stm32cube.ide.mcu.rcp.product_1.11.2_139060371_linux_gtk_x86_64/plugins/com.st.stm32cube.ide.mcu.externaltools.gnu-tools-for-stm32.10.3-2021.10.linux64_1.0.200.202301161003/tools/bin/../lib/gcc/arm-none-eabi/10.3.1/../../../../arm-none-eabi/lib/thumb/v7e-m+fp/hard/libc_nano.a(lib_a-mprec.o)
                0x000000000800677c                __multadd
 .text.__s2b    0x0000000008006808       0x94 /home/delcoii/.eclipse/com.st.stm32cube.ide.mcu.rcp.product_1.11.2_139060371_linux_gtk_x86_64/plugins/com.st.stm32cube.ide.mcu.externaltools.gnu-tools-for-stm32.10.3-2021.10.linux64_1.0.200.202301161003/tools/bin/../lib/gcc/arm-none-eabi/10.3.1/../../../../arm-none-eabi/lib/thumb/v7e-m+fp/hard/libc_nano.a(lib_a-mprec.o)
                0x0000000008006808                __s2b
 .text.__hi0bits
                0x000000000800689c       0x40 /home/delcoii/.eclipse/com.st.stm32cube.ide.mcu.rcp.product_1.11.2_139060371_linux_gtk_x86_64/plugins/com.st.stm32cube.ide.mcu.externaltools.gnu-tools-for-stm32.10.3-2021.10.linux64_1.0.200.202301161003/tools/bin/../lib/gcc/arm-none-eabi/10.3.1/../../../../arm-none-eabi/lib/thumb/v7e-m+fp/hard/libc_nano.a(lib_a-mprec.o)
                0x000000000800689c                __hi0bits
 .text.__lo0bits
                0x00000000080068dc       0x5e /home/delcoii/.eclipse/com.st.stm32cube.ide.mcu.rcp.product_1.11.2_139060371_linux_gtk_x86_64/plugins/com.st.stm32cube.ide.mcu.externaltools.gnu-tools-for-stm32.10.3-2021.10.linux64_1.0.200.202301161003/tools/bin/../lib/gcc/arm-none-eabi/10.3.1/../../../../arm-none-eabi/lib/thumb/v7e-m+fp/hard/libc_nano.a(lib_a-mprec.o)
                0x00000000080068dc                __lo0bits
 *fill*         0x000000000800693a        0x2 
 .text.__i2b    0x000000000800693c       0x2c /home/delcoii/.eclipse/com.st.stm32cube.ide.mcu.rcp.product_1.11.2_139060371_linux_gtk_x86_64/plugins/com.st.stm32cube.ide.mcu.externaltools.gnu-tools-for-stm32.10.3-2021.10.linux64_1.0.200.202301161003/tools/bin/../lib/gcc/arm-none-eabi/10.3.1/../../../../arm-none-eabi/lib/thumb/v7e-m+fp/hard/libc_nano.a(lib_a-mprec.o)
                0x000000000800693c                __i2b
 .text.__multiply
                0x0000000008006968      0x154 /home/delcoii/.eclipse/com.st.stm32cube.ide.mcu.rcp.product_1.11.2_139060371_linux_gtk_x86_64/plugins/com.st.stm32cube.ide.mcu.externaltools.gnu-tools-for-stm32.10.3-2021.10.linux64_1.0.200.202301161003/tools/bin/../lib/gcc/arm-none-eabi/10.3.1/../../../../arm-none-eabi/lib/thumb/v7e-m+fp/hard/libc_nano.a(lib_a-mprec.o)
                0x0000000008006968                __multiply
 .text.__pow5mult
                0x0000000008006abc       0xb4 /home/delcoii/.eclipse/com.st.stm32cube.ide.mcu.rcp.product_1.11.2_139060371_linux_gtk_x86_64/plugins/com.st.stm32cube.ide.mcu.externaltools.gnu-tools-for-stm32.10.3-2021.10.linux64_1.0.200.202301161003/tools/bin/../lib/gcc/arm-none-eabi/10.3.1/../../../../arm-none-eabi/lib/thumb/v7e-m+fp/hard/libc_nano.a(lib_a-mprec.o)
                0x0000000008006abc                __pow5mult
 .text.__lshift
                0x0000000008006b70       0xe0 /home/delcoii/.eclipse/com.st.stm32cube.ide.mcu.rcp.product_1.11.2_139060371_linux_gtk_x86_64/plugins/com.st.stm32cube.ide.mcu.externaltools.gnu-tools-for-stm32.10.3-2021.10.linux64_1.0.200.202301161003/tools/bin/../lib/gcc/arm-none-eabi/10.3.1/../../../../arm-none-eabi/lib/thumb/v7e-m+fp/hard/libc_nano.a(lib_a-mprec.o)
                0x0000000008006b70                __lshift
 .text.__mcmp   0x0000000008006c50       0x38 /home/delcoii/.eclipse/com.st.stm32cube.ide.mcu.rcp.product_1.11.2_139060371_linux_gtk_x86_64/plugins/com.st.stm32cube.ide.mcu.externaltools.gnu-tools-for-stm32.10.3-2021.10.linux64_1.0.200.202301161003/tools/bin/../lib/gcc/arm-none-eabi/10.3.1/../../../../arm-none-eabi/lib/thumb/v7e-m+fp/hard/libc_nano.a(lib_a-mprec.o)
                0x0000000008006c50                __mcmp
 .text.__mdiff  0x0000000008006c88      0x114 /home/delcoii/.eclipse/com.st.stm32cube.ide.mcu.rcp.product_1.11.2_139060371_linux_gtk_x86_64/plugins/com.st.stm32cube.ide.mcu.externaltools.gnu-tools-for-stm32.10.3-2021.10.linux64_1.0.200.202301161003/tools/bin/../lib/gcc/arm-none-eabi/10.3.1/../../../../arm-none-eabi/lib/thumb/v7e-m+fp/hard/libc_nano.a(lib_a-mprec.o)
                0x0000000008006c88                __mdiff
 .text.__ulp    0x0000000008006d9c       0x58 /home/delcoii/.eclipse/com.st.stm32cube.ide.mcu.rcp.product_1.11.2_139060371_linux_gtk_x86_64/plugins/com.st.stm32cube.ide.mcu.externaltools.gnu-tools-for-stm32.10.3-2021.10.linux64_1.0.200.202301161003/tools/bin/../lib/gcc/arm-none-eabi/10.3.1/../../../../arm-none-eabi/lib/thumb/v7e-m+fp/hard/libc_nano.a(lib_a-mprec.o)
                0x0000000008006d9c                __ulp
 .text.__b2d    0x0000000008006df4       0xa0 /home/delcoii/.eclipse/com.st.stm32cube.ide.mcu.rcp.product_1.11.2_139060371_linux_gtk_x86_64/plugins/com.st.stm32cube.ide.mcu.externaltools.gnu-tools-for-stm32.10.3-2021.10.linux64_1.0.200.202301161003/tools/bin/../lib/gcc/arm-none-eabi/10.3.1/../../../../arm-none-eabi/lib/thumb/v7e-m+fp/hard/libc_nano.a(lib_a-mprec.o)
                0x0000000008006df4                __b2d
 .text.__d2b    0x0000000008006e94       0xb8 /home/delcoii/.eclipse/com.st.stm32cube.ide.mcu.rcp.product_1.11.2_139060371_linux_gtk_x86_64/plugins/com.st.stm32cube.ide.mcu.externaltools.gnu-tools-for-stm32.10.3-2021.10.linux64_1.0.200.202301161003/tools/bin/../lib/gcc/arm-none-eabi/10.3.1/../../../../arm-none-eabi/lib/thumb/v7e-m+fp/hard/libc_nano.a(lib_a-mprec.o)
                0x0000000008006e94                __d2b
 .text.__ratio  0x0000000008006f4c       0x66 /home/delcoii/.eclipse/com.st.stm32cube.ide.mcu.rcp.product_1.11.2_139060371_linux_gtk_x86_64/plugins/com.st.stm32cube.ide.mcu.externaltools.gnu-tools-for-stm32.10.3-2021.10.linux64_1.0.200.202301161003/tools/bin/../lib/gcc/arm-none-eabi/10.3.1/../../../../arm-none-eabi/lib/thumb/v7e-m+fp/hard/libc_nano.a(lib_a-mprec.o)
                0x0000000008006f4c                __ratio
 .text.__copybits
                0x0000000008006fb2       0x46 /home/delcoii/.eclipse/com.st.stm32cube.ide.mcu.rcp.product_1.11.2_139060371_linux_gtk_x86_64/plugins/com.st.stm32cube.ide.mcu.externaltools.gnu-tools-for-stm32.10.3-2021.10.linux64_1.0.200.202301161003/tools/bin/../lib/gcc/arm-none-eabi/10.3.1/../../../../arm-none-eabi/lib/thumb/v7e-m+fp/hard/libc_nano.a(lib_a-mprec.o)
                0x0000000008006fb2                __copybits
 .text.__any_on
                0x0000000008006ff8       0x42 /home/delcoii/.eclipse/com.st.stm32cube.ide.mcu.rcp.product_1.11.2_139060371_linux_gtk_x86_64/plugins/com.st.stm32cube.ide.mcu.externaltools.gnu-tools-for-stm32.10.3-2021.10.linux64_1.0.200.202301161003/tools/bin/../lib/gcc/arm-none-eabi/10.3.1/../../../../arm-none-eabi/lib/thumb/v7e-m+fp/hard/libc_nano.a(lib_a-mprec.o)
                0x0000000008006ff8                __any_on
 .text._calloc_r
                0x000000000800703a       0x2c /home/delcoii/.eclipse/com.st.stm32cube.ide.mcu.rcp.product_1.11.2_139060371_linux_gtk_x86_64/plugins/com.st.stm32cube.ide.mcu.externaltools.gnu-tools-for-stm32.10.3-2021.10.linux64_1.0.200.202301161003/tools/bin/../lib/gcc/arm-none-eabi/10.3.1/../../../../arm-none-eabi/lib/thumb/v7e-m+fp/hard/libc_nano.a(lib_a-nano-callocr.o)
                0x000000000800703a                _calloc_r
 *fill*         0x0000000008007066        0x2 
 .text._free_r  0x0000000008007068       0x98 /home/delcoii/.eclipse/com.st.stm32cube.ide.mcu.rcp.product_1.11.2_139060371_linux_gtk_x86_64/plugins/com.st.stm32cube.ide.mcu.externaltools.gnu-tools-for-stm32.10.3-2021.10.linux64_1.0.200.202301161003/tools/bin/../lib/gcc/arm-none-eabi/10.3.1/../../../../arm-none-eabi/lib/thumb/v7e-m+fp/hard/libc_nano.a(lib_a-nano-freer.o)
                0x0000000008007068                _free_r
 .text.sbrk_aligned
                0x0000000008007100       0x40 /home/delcoii/.eclipse/com.st.stm32cube.ide.mcu.rcp.product_1.11.2_139060371_linux_gtk_x86_64/plugins/com.st.stm32cube.ide.mcu.externaltools.gnu-tools-for-stm32.10.3-2021.10.linux64_1.0.200.202301161003/tools/bin/../lib/gcc/arm-none-eabi/10.3.1/../../../../arm-none-eabi/lib/thumb/v7e-m+fp/hard/libc_nano.a(lib_a-nano-mallocr.o)
 .text._malloc_r
                0x0000000008007140       0xe8 /home/delcoii/.eclipse/com.st.stm32cube.ide.mcu.rcp.product_1.11.2_139060371_linux_gtk_x86_64/plugins/com.st.stm32cube.ide.mcu.externaltools.gnu-tools-for-stm32.10.3-2021.10.linux64_1.0.200.202301161003/tools/bin/../lib/gcc/arm-none-eabi/10.3.1/../../../../arm-none-eabi/lib/thumb/v7e-m+fp/hard/libc_nano.a(lib_a-nano-mallocr.o)
                0x0000000008007140                _malloc_r
 .text.__ssputs_r
                0x0000000008007228       0xb6 /home/delcoii/.eclipse/com.st.stm32cube.ide.mcu.rcp.product_1.11.2_139060371_linux_gtk_x86_64/plugins/com.st.stm32cube.ide.mcu.externaltools.gnu-tools-for-stm32.10.3-2021.10.linux64_1.0.200.202301161003/tools/bin/../lib/gcc/arm-none-eabi/10.3.1/../../../../arm-none-eabi/lib/thumb/v7e-m+fp/hard/libc_nano.a(lib_a-nano-svfprintf.o)
                0x0000000008007228                __ssputs_r
 *fill*         0x00000000080072de        0x2 
 .text._svfprintf_r
                0x00000000080072e0      0x200 /home/delcoii/.eclipse/com.st.stm32cube.ide.mcu.rcp.product_1.11.2_139060371_linux_gtk_x86_64/plugins/com.st.stm32cube.ide.mcu.externaltools.gnu-tools-for-stm32.10.3-2021.10.linux64_1.0.200.202301161003/tools/bin/../lib/gcc/arm-none-eabi/10.3.1/../../../../arm-none-eabi/lib/thumb/v7e-m+fp/hard/libc_nano.a(lib_a-nano-svfprintf.o)
                0x00000000080072e0                _svfprintf_r
                0x00000000080072e0                _svfiprintf_r
 .text.__sfputc_r
                0x00000000080074e0       0x2e /home/delcoii/.eclipse/com.st.stm32cube.ide.mcu.rcp.product_1.11.2_139060371_linux_gtk_x86_64/plugins/com.st.stm32cube.ide.mcu.externaltools.gnu-tools-for-stm32.10.3-2021.10.linux64_1.0.200.202301161003/tools/bin/../lib/gcc/arm-none-eabi/10.3.1/../../../../arm-none-eabi/lib/thumb/v7e-m+fp/hard/libc_nano.a(lib_a-nano-vfprintf.o)
 .text.__sfputs_r
                0x000000000800750e       0x24 /home/delcoii/.eclipse/com.st.stm32cube.ide.mcu.rcp.product_1.11.2_139060371_linux_gtk_x86_64/plugins/com.st.stm32cube.ide.mcu.externaltools.gnu-tools-for-stm32.10.3-2021.10.linux64_1.0.200.202301161003/tools/bin/../lib/gcc/arm-none-eabi/10.3.1/../../../../arm-none-eabi/lib/thumb/v7e-m+fp/hard/libc_nano.a(lib_a-nano-vfprintf.o)
                0x000000000800750e                __sfputs_r
 *fill*         0x0000000008007532        0x2 
 .text._vfprintf_r
                0x0000000008007534      0x260 /home/delcoii/.eclipse/com.st.stm32cube.ide.mcu.rcp.product_1.11.2_139060371_linux_gtk_x86_64/plugins/com.st.stm32cube.ide.mcu.externaltools.gnu-tools-for-stm32.10.3-2021.10.linux64_1.0.200.202301161003/tools/bin/../lib/gcc/arm-none-eabi/10.3.1/../../../../arm-none-eabi/lib/thumb/v7e-m+fp/hard/libc_nano.a(lib_a-nano-vfprintf.o)
                0x0000000008007534                _vfiprintf_r
                0x0000000008007534                _vfprintf_r
 .text.__svfscanf_r
                0x0000000008007794      0x34c /home/delcoii/.eclipse/com.st.stm32cube.ide.mcu.rcp.product_1.11.2_139060371_linux_gtk_x86_64/plugins/com.st.stm32cube.ide.mcu.externaltools.gnu-tools-for-stm32.10.3-2021.10.linux64_1.0.200.202301161003/tools/bin/../lib/gcc/arm-none-eabi/10.3.1/../../../../arm-none-eabi/lib/thumb/v7e-m+fp/hard/libc_nano.a(lib_a-nano-vfscanf.o)
                0x0000000008007794                __svfiscanf_r
                0x0000000008007794                __svfscanf_r
 .text._vfscanf_r
                0x0000000008007ae0       0x50 /home/delcoii/.eclipse/com.st.stm32cube.ide.mcu.rcp.product_1.11.2_139060371_linux_gtk_x86_64/plugins/com.st.stm32cube.ide.mcu.externaltools.gnu-tools-for-stm32.10.3-2021.10.linux64_1.0.200.202301161003/tools/bin/../lib/gcc/arm-none-eabi/10.3.1/../../../../arm-none-eabi/lib/thumb/v7e-m+fp/hard/libc_nano.a(lib_a-nano-vfscanf.o)
                0x0000000008007ae0                _vfiscanf_r
                0x0000000008007ae0                _vfscanf_r
 .text._scanf_chars
                0x0000000008007b30       0xb4 /home/delcoii/.eclipse/com.st.stm32cube.ide.mcu.rcp.product_1.11.2_139060371_linux_gtk_x86_64/plugins/com.st.stm32cube.ide.mcu.externaltools.gnu-tools-for-stm32.10.3-2021.10.linux64_1.0.200.202301161003/tools/bin/../lib/gcc/arm-none-eabi/10.3.1/../../../../arm-none-eabi/lib/thumb/v7e-m+fp/hard/libc_nano.a(lib_a-nano-vfscanf_i.o)
                0x0000000008007b30                _scanf_chars
 .text._scanf_i
                0x0000000008007be4      0x1f0 /home/delcoii/.eclipse/com.st.stm32cube.ide.mcu.rcp.product_1.11.2_139060371_linux_gtk_x86_64/plugins/com.st.stm32cube.ide.mcu.externaltools.gnu-tools-for-stm32.10.3-2021.10.linux64_1.0.200.202301161003/tools/bin/../lib/gcc/arm-none-eabi/10.3.1/../../../../arm-none-eabi/lib/thumb/v7e-m+fp/hard/libc_nano.a(lib_a-nano-vfscanf_i.o)
                0x0000000008007be4                _scanf_i
 .text.lflush   0x0000000008007dd4       0x12 /home/delcoii/.eclipse/com.st.stm32cube.ide.mcu.rcp.product_1.11.2_139060371_linux_gtk_x86_64/plugins/com.st.stm32cube.ide.mcu.externaltools.gnu-tools-for-stm32.10.3-2021.10.linux64_1.0.200.202301161003/tools/bin/../lib/gcc/arm-none-eabi/10.3.1/../../../../arm-none-eabi/lib/thumb/v7e-m+fp/hard/libc_nano.a(lib_a-refill.o)
 *fill*         0x0000000008007de6        0x2 
 .text.__srefill_r
                0x0000000008007de8      0x114 /home/delcoii/.eclipse/com.st.stm32cube.ide.mcu.rcp.product_1.11.2_139060371_linux_gtk_x86_64/plugins/com.st.stm32cube.ide.mcu.externaltools.gnu-tools-for-stm32.10.3-2021.10.linux64_1.0.200.202301161003/tools/bin/../lib/gcc/arm-none-eabi/10.3.1/../../../../arm-none-eabi/lib/thumb/v7e-m+fp/hard/libc_nano.a(lib_a-refill.o)
                0x0000000008007de8                __srefill_r
 *fill*         0x0000000008007efc        0x4 
 .text.nan      0x0000000008007f00       0x10 /home/delcoii/.eclipse/com.st.stm32cube.ide.mcu.rcp.product_1.11.2_139060371_linux_gtk_x86_64/plugins/com.st.stm32cube.ide.mcu.externaltools.gnu-tools-for-stm32.10.3-2021.10.linux64_1.0.200.202301161003/tools/bin/../lib/gcc/arm-none-eabi/10.3.1/../../../../arm-none-eabi/lib/thumb/v7e-m+fp/hard/libc_nano.a(lib_a-s_nan.o)
                0x0000000008007f00                nan
 .text._sbrk_r  0x0000000008007f10       0x20 /home/delcoii/.eclipse/com.st.stm32cube.ide.mcu.rcp.product_1.11.2_139060371_linux_gtk_x86_64/plugins/com.st.stm32cube.ide.mcu.externaltools.gnu-tools-for-stm32.10.3-2021.10.linux64_1.0.200.202301161003/tools/bin/../lib/gcc/arm-none-eabi/10.3.1/../../../../arm-none-eabi/lib/thumb/v7e-m+fp/hard/libc_nano.a(lib_a-sbrkr.o)
                0x0000000008007f10                _sbrk_r
 .text.__sccl   0x0000000008007f30       0x70 /home/delcoii/.eclipse/com.st.stm32cube.ide.mcu.rcp.product_1.11.2_139060371_linux_gtk_x86_64/plugins/com.st.stm32cube.ide.mcu.externaltools.gnu-tools-for-stm32.10.3-2021.10.linux64_1.0.200.202301161003/tools/bin/../lib/gcc/arm-none-eabi/10.3.1/../../../../arm-none-eabi/lib/thumb/v7e-m+fp/hard/libc_nano.a(lib_a-sccl.o)
                0x0000000008007f30                __sccl
 .text.__sread  0x0000000008007fa0       0x22 /home/delcoii/.eclipse/com.st.stm32cube.ide.mcu.rcp.product_1.11.2_139060371_linux_gtk_x86_64/plugins/com.st.stm32cube.ide.mcu.externaltools.gnu-tools-for-stm32.10.3-2021.10.linux64_1.0.200.202301161003/tools/bin/../lib/gcc/arm-none-eabi/10.3.1/../../../../arm-none-eabi/lib/thumb/v7e-m+fp/hard/libc_nano.a(lib_a-stdio.o)
                0x0000000008007fa0                __sread
 .text.__swrite
                0x0000000008007fc2       0x38 /home/delcoii/.eclipse/com.st.stm32cube.ide.mcu.rcp.product_1.11.2_139060371_linux_gtk_x86_64/plugins/com.st.stm32cube.ide.mcu.externaltools.gnu-tools-for-stm32.10.3-2021.10.linux64_1.0.200.202301161003/tools/bin/../lib/gcc/arm-none-eabi/10.3.1/../../../../arm-none-eabi/lib/thumb/v7e-m+fp/hard/libc_nano.a(lib_a-stdio.o)
                0x0000000008007fc2                __swrite
 .text.__sseek  0x0000000008007ffa       0x24 /home/delcoii/.eclipse/com.st.stm32cube.ide.mcu.rcp.product_1.11.2_139060371_linux_gtk_x86_64/plugins/com.st.stm32cube.ide.mcu.externaltools.gnu-tools-for-stm32.10.3-2021.10.linux64_1.0.200.202301161003/tools/bin/../lib/gcc/arm-none-eabi/10.3.1/../../../../arm-none-eabi/lib/thumb/v7e-m+fp/hard/libc_nano.a(lib_a-stdio.o)
                0x0000000008007ffa                __sseek
 .text.__sclose
                0x000000000800801e        0x8 /home/delcoii/.eclipse/com.st.stm32cube.ide.mcu.rcp.product_1.11.2_139060371_linux_gtk_x86_64/plugins/com.st.stm32cube.ide.mcu.externaltools.gnu-tools-for-stm32.10.3-2021.10.linux64_1.0.200.202301161003/tools/bin/../lib/gcc/arm-none-eabi/10.3.1/../../../../arm-none-eabi/lib/thumb/v7e-m+fp/hard/libc_nano.a(lib_a-stdio.o)
                0x000000000800801e                __sclose
 .text.strncmp  0x0000000008008026       0x28 /home/delcoii/.eclipse/com.st.stm32cube.ide.mcu.rcp.product_1.11.2_139060371_linux_gtk_x86_64/plugins/com.st.stm32cube.ide.mcu.externaltools.gnu-tools-for-stm32.10.3-2021.10.linux64_1.0.200.202301161003/tools/bin/../lib/gcc/arm-none-eabi/10.3.1/../../../../arm-none-eabi/lib/thumb/v7e-m+fp/hard/libc_nano.a(lib_a-strncmp.o)
                0x0000000008008026                strncmp
 *fill*         0x000000000800804e        0x2 
 .text._strtoul_l.constprop.0
                0x0000000008008050       0xe4 /home/delcoii/.eclipse/com.st.stm32cube.ide.mcu.rcp.product_1.11.2_139060371_linux_gtk_x86_64/plugins/com.st.stm32cube.ide.mcu.externaltools.gnu-tools-for-stm32.10.3-2021.10.linux64_1.0.200.202301161003/tools/bin/../lib/gcc/arm-none-eabi/10.3.1/../../../../arm-none-eabi/lib/thumb/v7e-m+fp/hard/libc_nano.a(lib_a-strtoul.o)
 .text._strtoul_r
                0x0000000008008134        0x4 /home/delcoii/.eclipse/com.st.stm32cube.ide.mcu.rcp.product_1.11.2_139060371_linux_gtk_x86_64/plugins/com.st.stm32cube.ide.mcu.externaltools.gnu-tools-for-stm32.10.3-2021.10.linux64_1.0.200.202301161003/tools/bin/../lib/gcc/arm-none-eabi/10.3.1/../../../../arm-none-eabi/lib/thumb/v7e-m+fp/hard/libc_nano.a(lib_a-strtoul.o)
                0x0000000008008134                _strtoul_r
 .text.__submore
                0x0000000008008138       0x74 /home/delcoii/.eclipse/com.st.stm32cube.ide.mcu.rcp.product_1.11.2_139060371_linux_gtk_x86_64/plugins/com.st.stm32cube.ide.mcu.externaltools.gnu-tools-for-stm32.10.3-2021.10.linux64_1.0.200.202301161003/tools/bin/../lib/gcc/arm-none-eabi/10.3.1/../../../../arm-none-eabi/lib/thumb/v7e-m+fp/hard/libc_nano.a(lib_a-ungetc.o)
                0x0000000008008138                __submore
 .text._ungetc_r
                0x00000000080081ac      0x130 /home/delcoii/.eclipse/com.st.stm32cube.ide.mcu.rcp.product_1.11.2_139060371_linux_gtk_x86_64/plugins/com.st.stm32cube.ide.mcu.externaltools.gnu-tools-for-stm32.10.3-2021.10.linux64_1.0.200.202301161003/tools/bin/../lib/gcc/arm-none-eabi/10.3.1/../../../../arm-none-eabi/lib/thumb/v7e-m+fp/hard/libc_nano.a(lib_a-ungetc.o)
                0x00000000080081ac                _ungetc_r
 .text.__swbuf_r
                0x00000000080082dc       0xa4 /home/delcoii/.eclipse/com.st.stm32cube.ide.mcu.rcp.product_1.11.2_139060371_linux_gtk_x86_64/plugins/com.st.stm32cube.ide.mcu.externaltools.gnu-tools-for-stm32.10.3-2021.10.linux64_1.0.200.202301161003/tools/bin/../lib/gcc/arm-none-eabi/10.3.1/../../../../arm-none-eabi/lib/thumb/v7e-m+fp/hard/libc_nano.a(lib_a-wbuf.o)
                0x00000000080082dc                __swbuf_r
 .text.__ascii_wctomb
                0x0000000008008380       0x1a /home/delcoii/.eclipse/com.st.stm32cube.ide.mcu.rcp.product_1.11.2_139060371_linux_gtk_x86_64/plugins/com.st.stm32cube.ide.mcu.externaltools.gnu-tools-for-stm32.10.3-2021.10.linux64_1.0.200.202301161003/tools/bin/../lib/gcc/arm-none-eabi/10.3.1/../../../../arm-none-eabi/lib/thumb/v7e-m+fp/hard/libc_nano.a(lib_a-wctomb_r.o)
                0x0000000008008380                __ascii_wctomb
 *fill*         0x000000000800839a        0x2 
 .text._write_r
                0x000000000800839c       0x24 /home/delcoii/.eclipse/com.st.stm32cube.ide.mcu.rcp.product_1.11.2_139060371_linux_gtk_x86_64/plugins/com.st.stm32cube.ide.mcu.externaltools.gnu-tools-for-stm32.10.3-2021.10.linux64_1.0.200.202301161003/tools/bin/../lib/gcc/arm-none-eabi/10.3.1/../../../../arm-none-eabi/lib/thumb/v7e-m+fp/hard/libc_nano.a(lib_a-writer.o)
                0x000000000800839c                _write_r
 .text.__swsetup_r
                0x00000000080083c0       0xdc /home/delcoii/.eclipse/com.st.stm32cube.ide.mcu.rcp.product_1.11.2_139060371_linux_gtk_x86_64/plugins/com.st.stm32cube.ide.mcu.externaltools.gnu-tools-for-stm32.10.3-2021.10.linux64_1.0.200.202301161003/tools/bin/../lib/gcc/arm-none-eabi/10.3.1/../../../../arm-none-eabi/lib/thumb/v7e-m+fp/hard/libc_nano.a(lib_a-wsetup.o)
                0x00000000080083c0                __swsetup_r
 .text.__assert_func
                0x000000000800849c       0x3c /home/delcoii/.eclipse/com.st.stm32cube.ide.mcu.rcp.product_1.11.2_139060371_linux_gtk_x86_64/plugins/com.st.stm32cube.ide.mcu.externaltools.gnu-tools-for-stm32.10.3-2021.10.linux64_1.0.200.202301161003/tools/bin/../lib/gcc/arm-none-eabi/10.3.1/../../../../arm-none-eabi/lib/thumb/v7e-m+fp/hard/libc_nano.a(lib_a-assert.o)
                0x000000000800849c                __assert_func
 .text._close_r
                0x00000000080084d8       0x20 /home/delcoii/.eclipse/com.st.stm32cube.ide.mcu.rcp.product_1.11.2_139060371_linux_gtk_x86_64/plugins/com.st.stm32cube.ide.mcu.externaltools.gnu-tools-for-stm32.10.3-2021.10.linux64_1.0.200.202301161003/tools/bin/../lib/gcc/arm-none-eabi/10.3.1/../../../../arm-none-eabi/lib/thumb/v7e-m+fp/hard/libc_nano.a(lib_a-closer.o)
                0x00000000080084d8                _close_r
 .text.fprintf  0x00000000080084f8       0x24 /home/delcoii/.eclipse/com.st.stm32cube.ide.mcu.rcp.product_1.11.2_139060371_linux_gtk_x86_64/plugins/com.st.stm32cube.ide.mcu.externaltools.gnu-tools-for-stm32.10.3-2021.10.linux64_1.0.200.202301161003/tools/bin/../lib/gcc/arm-none-eabi/10.3.1/../../../../arm-none-eabi/lib/thumb/v7e-m+fp/hard/libc_nano.a(lib_a-fprintf.o)
                0x00000000080084f8                fprintf
                0x00000000080084f8                fiprintf
 .text._fstat_r
                0x000000000800851c       0x24 /home/delcoii/.eclipse/com.st.stm32cube.ide.mcu.rcp.product_1.11.2_139060371_linux_gtk_x86_64/plugins/com.st.stm32cube.ide.mcu.externaltools.gnu-tools-for-stm32.10.3-2021.10.linux64_1.0.200.202301161003/tools/bin/../lib/gcc/arm-none-eabi/10.3.1/../../../../arm-none-eabi/lib/thumb/v7e-m+fp/hard/libc_nano.a(lib_a-fstatr.o)
                0x000000000800851c                _fstat_r
 .text._isatty_r
                0x0000000008008540       0x20 /home/delcoii/.eclipse/com.st.stm32cube.ide.mcu.rcp.product_1.11.2_139060371_linux_gtk_x86_64/plugins/com.st.stm32cube.ide.mcu.externaltools.gnu-tools-for-stm32.10.3-2021.10.linux64_1.0.200.202301161003/tools/bin/../lib/gcc/arm-none-eabi/10.3.1/../../../../arm-none-eabi/lib/thumb/v7e-m+fp/hard/libc_nano.a(lib_a-isattyr.o)
                0x0000000008008540                _isatty_r
 .text._lseek_r
                0x0000000008008560       0x24 /home/delcoii/.eclipse/com.st.stm32cube.ide.mcu.rcp.product_1.11.2_139060371_linux_gtk_x86_64/plugins/com.st.stm32cube.ide.mcu.externaltools.gnu-tools-for-stm32.10.3-2021.10.linux64_1.0.200.202301161003/tools/bin/../lib/gcc/arm-none-eabi/10.3.1/../../../../arm-none-eabi/lib/thumb/v7e-m+fp/hard/libc_nano.a(lib_a-lseekr.o)
                0x0000000008008560                _lseek_r
 .text.memmove  0x0000000008008584       0x34 /home/delcoii/.eclipse/com.st.stm32cube.ide.mcu.rcp.product_1.11.2_139060371_linux_gtk_x86_64/plugins/com.st.stm32cube.ide.mcu.externaltools.gnu-tools-for-stm32.10.3-2021.10.linux64_1.0.200.202301161003/tools/bin/../lib/gcc/arm-none-eabi/10.3.1/../../../../arm-none-eabi/lib/thumb/v7e-m+fp/hard/libc_nano.a(lib_a-memmove.o)
                0x0000000008008584                memmove
 .text.__malloc_lock
                0x00000000080085b8        0xc /home/delcoii/.eclipse/com.st.stm32cube.ide.mcu.rcp.product_1.11.2_139060371_linux_gtk_x86_64/plugins/com.st.stm32cube.ide.mcu.externaltools.gnu-tools-for-stm32.10.3-2021.10.linux64_1.0.200.202301161003/tools/bin/../lib/gcc/arm-none-eabi/10.3.1/../../../../arm-none-eabi/lib/thumb/v7e-m+fp/hard/libc_nano.a(lib_a-mlock.o)
                0x00000000080085b8                __malloc_lock
 .text.__malloc_unlock
                0x00000000080085c4        0xc /home/delcoii/.eclipse/com.st.stm32cube.ide.mcu.rcp.product_1.11.2_139060371_linux_gtk_x86_64/plugins/com.st.stm32cube.ide.mcu.externaltools.gnu-tools-for-stm32.10.3-2021.10.linux64_1.0.200.202301161003/tools/bin/../lib/gcc/arm-none-eabi/10.3.1/../../../../arm-none-eabi/lib/thumb/v7e-m+fp/hard/libc_nano.a(lib_a-mlock.o)
                0x00000000080085c4                __malloc_unlock
 .text._realloc_r
                0x00000000080085d0       0x5e /home/delcoii/.eclipse/com.st.stm32cube.ide.mcu.rcp.product_1.11.2_139060371_linux_gtk_x86_64/plugins/com.st.stm32cube.ide.mcu.externaltools.gnu-tools-for-stm32.10.3-2021.10.linux64_1.0.200.202301161003/tools/bin/../lib/gcc/arm-none-eabi/10.3.1/../../../../arm-none-eabi/lib/thumb/v7e-m+fp/hard/libc_nano.a(lib_a-nano-reallocr.o)
                0x00000000080085d0                _realloc_r
 *fill*         0x000000000800862e        0x2 
 .text._read_r  0x0000000008008630       0x24 /home/delcoii/.eclipse/com.st.stm32cube.ide.mcu.rcp.product_1.11.2_139060371_linux_gtk_x86_64/plugins/com.st.stm32cube.ide.mcu.externaltools.gnu-tools-for-stm32.10.3-2021.10.linux64_1.0.200.202301161003/tools/bin/../lib/gcc/arm-none-eabi/10.3.1/../../../../arm-none-eabi/lib/thumb/v7e-m+fp/hard/libc_nano.a(lib_a-readr.o)
                0x0000000008008630                _read_r
 .text.abort    0x0000000008008654        0xe /home/delcoii/.eclipse/com.st.stm32cube.ide.mcu.rcp.product_1.11.2_139060371_linux_gtk_x86_64/plugins/com.st.stm32cube.ide.mcu.externaltools.gnu-tools-for-stm32.10.3-2021.10.linux64_1.0.200.202301161003/tools/bin/../lib/gcc/arm-none-eabi/10.3.1/../../../../arm-none-eabi/lib/thumb/v7e-m+fp/hard/libc_nano.a(lib_a-abort.o)
                0x0000000008008654                abort
 .text._malloc_usable_size_r
                0x0000000008008662       0x10 /home/delcoii/.eclipse/com.st.stm32cube.ide.mcu.rcp.product_1.11.2_139060371_linux_gtk_x86_64/plugins/com.st.stm32cube.ide.mcu.externaltools.gnu-tools-for-stm32.10.3-2021.10.linux64_1.0.200.202301161003/tools/bin/../lib/gcc/arm-none-eabi/10.3.1/../../../../arm-none-eabi/lib/thumb/v7e-m+fp/hard/libc_nano.a(lib_a-nano-msizer.o)
                0x0000000008008662                _malloc_usable_size_r
 .text._raise_r
                0x0000000008008672       0x50 /home/delcoii/.eclipse/com.st.stm32cube.ide.mcu.rcp.product_1.11.2_139060371_linux_gtk_x86_64/plugins/com.st.stm32cube.ide.mcu.externaltools.gnu-tools-for-stm32.10.3-2021.10.linux64_1.0.200.202301161003/tools/bin/../lib/gcc/arm-none-eabi/10.3.1/../../../../arm-none-eabi/lib/thumb/v7e-m+fp/hard/libc_nano.a(lib_a-signal.o)
                0x0000000008008672                _raise_r
 *fill*         0x00000000080086c2        0x2 
 .text.raise    0x00000000080086c4       0x10 /home/delcoii/.eclipse/com.st.stm32cube.ide.mcu.rcp.product_1.11.2_139060371_linux_gtk_x86_64/plugins/com.st.stm32cube.ide.mcu.externaltools.gnu-tools-for-stm32.10.3-2021.10.linux64_1.0.200.202301161003/tools/bin/../lib/gcc/arm-none-eabi/10.3.1/../../../../arm-none-eabi/lib/thumb/v7e-m+fp/hard/libc_nano.a(lib_a-signal.o)
                0x00000000080086c4                raise
 .text._kill_r  0x00000000080086d4       0x24 /home/delcoii/.eclipse/com.st.stm32cube.ide.mcu.rcp.product_1.11.2_139060371_linux_gtk_x86_64/plugins/com.st.stm32cube.ide.mcu.externaltools.gnu-tools-for-stm32.10.3-2021.10.linux64_1.0.200.202301161003/tools/bin/../lib/gcc/arm-none-eabi/10.3.1/../../../../arm-none-eabi/lib/thumb/v7e-m+fp/hard/libc_nano.a(lib_a-signalr.o)
                0x00000000080086d4                _kill_r
 .text._getpid_r
                0x00000000080086f8        0x4 /home/delcoii/.eclipse/com.st.stm32cube.ide.mcu.rcp.product_1.11.2_139060371_linux_gtk_x86_64/plugins/com.st.stm32cube.ide.mcu.externaltools.gnu-tools-for-stm32.10.3-2021.10.linux64_1.0.200.202301161003/tools/bin/../lib/gcc/arm-none-eabi/10.3.1/../../../../arm-none-eabi/lib/thumb/v7e-m+fp/hard/libc_nano.a(lib_a-signalr.o)
                0x00000000080086f8                _getpid_r
 *(.glue_7)
 .glue_7        0x00000000080086fc        0x0 linker stubs
 *(.glue_7t)
 .glue_7t       0x00000000080086fc        0x0 linker stubs
 *(.eh_frame)
 .eh_frame      0x00000000080086fc        0x0 /home/delcoii/.eclipse/com.st.stm32cube.ide.mcu.rcp.product_1.11.2_139060371_linux_gtk_x86_64/plugins/com.st.stm32cube.ide.mcu.externaltools.gnu-tools-for-stm32.10.3-2021.10.linux64_1.0.200.202301161003/tools/bin/../lib/gcc/arm-none-eabi/10.3.1/thumb/v7e-m+fp/hard/crtbegin.o
 *(.init)
 .init          0x00000000080086fc        0x4 /home/delcoii/.eclipse/com.st.stm32cube.ide.mcu.rcp.product_1.11.2_139060371_linux_gtk_x86_64/plugins/com.st.stm32cube.ide.mcu.externaltools.gnu-tools-for-stm32.10.3-2021.10.linux64_1.0.200.202301161003/tools/bin/../lib/gcc/arm-none-eabi/10.3.1/thumb/v7e-m+fp/hard/crti.o
                0x00000000080086fc                _init
 .init          0x0000000008008700        0x8 /home/delcoii/.eclipse/com.st.stm32cube.ide.mcu.rcp.product_1.11.2_139060371_linux_gtk_x86_64/plugins/com.st.stm32cube.ide.mcu.externaltools.gnu-tools-for-stm32.10.3-2021.10.linux64_1.0.200.202301161003/tools/bin/../lib/gcc/arm-none-eabi/10.3.1/thumb/v7e-m+fp/hard/crtn.o
 *(.fini)
 .fini          0x0000000008008708        0x4 /home/delcoii/.eclipse/com.st.stm32cube.ide.mcu.rcp.product_1.11.2_139060371_linux_gtk_x86_64/plugins/com.st.stm32cube.ide.mcu.externaltools.gnu-tools-for-stm32.10.3-2021.10.linux64_1.0.200.202301161003/tools/bin/../lib/gcc/arm-none-eabi/10.3.1/thumb/v7e-m+fp/hard/crti.o
                0x0000000008008708                _fini
 .fini          0x000000000800870c        0x8 /home/delcoii/.eclipse/com.st.stm32cube.ide.mcu.rcp.product_1.11.2_139060371_linux_gtk_x86_64/plugins/com.st.stm32cube.ide.mcu.externaltools.gnu-tools-for-stm32.10.3-2021.10.linux64_1.0.200.202301161003/tools/bin/../lib/gcc/arm-none-eabi/10.3.1/thumb/v7e-m+fp/hard/crtn.o
                0x0000000008008714                . = ALIGN (0x4)
                0x0000000008008714                _etext = .

.vfp11_veneer   0x0000000008008714        0x0
 .vfp11_veneer  0x0000000008008714        0x0 linker stubs

.v4_bx          0x0000000008008714        0x0
 .v4_bx         0x0000000008008714        0x0 linker stubs

.iplt           0x0000000008008714        0x0
 .iplt          0x0000000008008714        0x0 /home/delcoii/.eclipse/com.st.stm32cube.ide.mcu.rcp.product_1.11.2_139060371_linux_gtk_x86_64/plugins/com.st.stm32cube.ide.mcu.externaltools.gnu-tools-for-stm32.10.3-2021.10.linux64_1.0.200.202301161003/tools/bin/../lib/gcc/arm-none-eabi/10.3.1/thumb/v7e-m+fp/hard/crtbegin.o

.rodata         0x0000000008008718      0x514
                0x0000000008008718                . = ALIGN (0x4)
 *(.rodata)
 .rodata        0x0000000008008718       0x2f ./Core/Src/main.o
 *fill*         0x0000000008008747        0x1 
 .rodata        0x0000000008008748        0xc /home/delcoii/.eclipse/com.st.stm32cube.ide.mcu.rcp.product_1.11.2_139060371_linux_gtk_x86_64/plugins/com.st.stm32cube.ide.mcu.externaltools.gnu-tools-for-stm32.10.3-2021.10.linux64_1.0.200.202301161003/tools/bin/../lib/gcc/arm-none-eabi/10.3.1/../../../../arm-none-eabi/lib/thumb/v7e-m+fp/hard/libc_nano.a(lib_a-nano-vfscanf_i.o)
 *(.rodata*)
 .rodata.AHBPrescTable
                0x0000000008008754       0x10 ./Core/Src/system_stm32f4xx.o
                0x0000000008008754                AHBPrescTable
 .rodata.APBPrescTable
                0x0000000008008764        0x8 ./Core/Src/system_stm32f4xx.o
                0x0000000008008764                APBPrescTable
 .rodata._global_impure_ptr
                0x000000000800876c        0x4 /home/delcoii/.eclipse/com.st.stm32cube.ide.mcu.rcp.product_1.11.2_139060371_linux_gtk_x86_64/plugins/com.st.stm32cube.ide.mcu.externaltools.gnu-tools-for-stm32.10.3-2021.10.linux64_1.0.200.202301161003/tools/bin/../lib/gcc/arm-none-eabi/10.3.1/../../../../arm-none-eabi/lib/thumb/v7e-m+fp/hard/libc_nano.a(lib_a-impure.o)
                0x000000000800876c                _global_impure_ptr
 .rodata._printf_float.str1.1
                0x0000000008008770       0x10 /home/delcoii/.eclipse/com.st.stm32cube.ide.mcu.rcp.product_1.11.2_139060371_linux_gtk_x86_64/plugins/com.st.stm32cube.ide.mcu.externaltools.gnu-tools-for-stm32.10.3-2021.10.linux64_1.0.200.202301161003/tools/bin/../lib/gcc/arm-none-eabi/10.3.1/../../../../arm-none-eabi/lib/thumb/v7e-m+fp/hard/libc_nano.a(lib_a-nano-vfprintf_float.o)
                                         0x12 (size before relaxing)
 .rodata._printf_i.str1.1
                0x0000000008008780       0x22 /home/delcoii/.eclipse/com.st.stm32cube.ide.mcu.rcp.product_1.11.2_139060371_linux_gtk_x86_64/plugins/com.st.stm32cube.ide.mcu.externaltools.gnu-tools-for-stm32.10.3-2021.10.linux64_1.0.200.202301161003/tools/bin/../lib/gcc/arm-none-eabi/10.3.1/../../../../arm-none-eabi/lib/thumb/v7e-m+fp/hard/libc_nano.a(lib_a-nano-vfprintf_i.o)
 .rodata._scanf_float.str1.1
                0x00000000080087a2        0x5 /home/delcoii/.eclipse/com.st.stm32cube.ide.mcu.rcp.product_1.11.2_139060371_linux_gtk_x86_64/plugins/com.st.stm32cube.ide.mcu.externaltools.gnu-tools-for-stm32.10.3-2021.10.linux64_1.0.200.202301161003/tools/bin/../lib/gcc/arm-none-eabi/10.3.1/../../../../arm-none-eabi/lib/thumb/v7e-m+fp/hard/libc_nano.a(lib_a-nano-vfscanf_float.o)
                                          0x6 (size before relaxing)
 .rodata._strtod_l.str1.1
                0x00000000080087a7        0x5 /home/delcoii/.eclipse/com.st.stm32cube.ide.mcu.rcp.product_1.11.2_139060371_linux_gtk_x86_64/plugins/com.st.stm32cube.ide.mcu.externaltools.gnu-tools-for-stm32.10.3-2021.10.linux64_1.0.200.202301161003/tools/bin/../lib/gcc/arm-none-eabi/10.3.1/../../../../arm-none-eabi/lib/thumb/v7e-m+fp/hard/libc_nano.a(lib_a-strtod.o)
                                          0xd (size before relaxing)
 *fill*         0x00000000080087a7        0x1 
 .rodata.fpi.1  0x00000000080087a8       0x14 /home/delcoii/.eclipse/com.st.stm32cube.ide.mcu.rcp.product_1.11.2_139060371_linux_gtk_x86_64/plugins/com.st.stm32cube.ide.mcu.externaltools.gnu-tools-for-stm32.10.3-2021.10.linux64_1.0.200.202301161003/tools/bin/../lib/gcc/arm-none-eabi/10.3.1/../../../../arm-none-eabi/lib/thumb/v7e-m+fp/hard/libc_nano.a(lib_a-strtod.o)
 .rodata.fpinan.0
                0x00000000080087bc       0x14 /home/delcoii/.eclipse/com.st.stm32cube.ide.mcu.rcp.product_1.11.2_139060371_linux_gtk_x86_64/plugins/com.st.stm32cube.ide.mcu.externaltools.gnu-tools-for-stm32.10.3-2021.10.linux64_1.0.200.202301161003/tools/bin/../lib/gcc/arm-none-eabi/10.3.1/../../../../arm-none-eabi/lib/thumb/v7e-m+fp/hard/libc_nano.a(lib_a-strtod.o)
 .rodata.tinytens
                0x00000000080087d0       0x28 /home/delcoii/.eclipse/com.st.stm32cube.ide.mcu.rcp.product_1.11.2_139060371_linux_gtk_x86_64/plugins/com.st.stm32cube.ide.mcu.externaltools.gnu-tools-for-stm32.10.3-2021.10.linux64_1.0.200.202301161003/tools/bin/../lib/gcc/arm-none-eabi/10.3.1/../../../../arm-none-eabi/lib/thumb/v7e-m+fp/hard/libc_nano.a(lib_a-strtod.o)
 .rodata._ctype_
                0x00000000080087f8      0x101 /home/delcoii/.eclipse/com.st.stm32cube.ide.mcu.rcp.product_1.11.2_139060371_linux_gtk_x86_64/plugins/com.st.stm32cube.ide.mcu.externaltools.gnu-tools-for-stm32.10.3-2021.10.linux64_1.0.200.202301161003/tools/bin/../lib/gcc/arm-none-eabi/10.3.1/../../../../arm-none-eabi/lib/thumb/v7e-m+fp/hard/libc_nano.a(lib_a-ctype_.o)
                0x00000000080087f8                _ctype_
 .rodata._dtoa_r.str1.1
                0x00000000080088f9       0x90 /home/delcoii/.eclipse/com.st.stm32cube.ide.mcu.rcp.product_1.11.2_139060371_linux_gtk_x86_64/plugins/com.st.stm32cube.ide.mcu.externaltools.gnu-tools-for-stm32.10.3-2021.10.linux64_1.0.200.202301161003/tools/bin/../lib/gcc/arm-none-eabi/10.3.1/../../../../arm-none-eabi/lib/thumb/v7e-m+fp/hard/libc_nano.a(lib_a-dtoa.o)
                                         0x92 (size before relaxing)
 *fill*         0x0000000008008989        0x3 
 .rodata.__sf_fake_stderr
                0x000000000800898c       0x20 /home/delcoii/.eclipse/com.st.stm32cube.ide.mcu.rcp.product_1.11.2_139060371_linux_gtk_x86_64/plugins/com.st.stm32cube.ide.mcu.externaltools.gnu-tools-for-stm32.10.3-2021.10.linux64_1.0.200.202301161003/tools/bin/../lib/gcc/arm-none-eabi/10.3.1/../../../../arm-none-eabi/lib/thumb/v7e-m+fp/hard/libc_nano.a(lib_a-findfp.o)
                0x000000000800898c                __sf_fake_stderr
 .rodata.__sf_fake_stdin
                0x00000000080089ac       0x20 /home/delcoii/.eclipse/com.st.stm32cube.ide.mcu.rcp.product_1.11.2_139060371_linux_gtk_x86_64/plugins/com.st.stm32cube.ide.mcu.externaltools.gnu-tools-for-stm32.10.3-2021.10.linux64_1.0.200.202301161003/tools/bin/../lib/gcc/arm-none-eabi/10.3.1/../../../../arm-none-eabi/lib/thumb/v7e-m+fp/hard/libc_nano.a(lib_a-findfp.o)
                0x00000000080089ac                __sf_fake_stdin
 .rodata.__sf_fake_stdout
                0x00000000080089cc       0x20 /home/delcoii/.eclipse/com.st.stm32cube.ide.mcu.rcp.product_1.11.2_139060371_linux_gtk_x86_64/plugins/com.st.stm32cube.ide.mcu.externaltools.gnu-tools-for-stm32.10.3-2021.10.linux64_1.0.200.202301161003/tools/bin/../lib/gcc/arm-none-eabi/10.3.1/../../../../arm-none-eabi/lib/thumb/v7e-m+fp/hard/libc_nano.a(lib_a-findfp.o)
                0x00000000080089cc                __sf_fake_stdout
 .rodata.__gethex.str1.1
                0x00000000080089ec       0x63 /home/delcoii/.eclipse/com.st.stm32cube.ide.mcu.rcp.product_1.11.2_139060371_linux_gtk_x86_64/plugins/com.st.stm32cube.ide.mcu.externaltools.gnu-tools-for-stm32.10.3-2021.10.linux64_1.0.200.202301161003/tools/bin/../lib/gcc/arm-none-eabi/10.3.1/../../../../arm-none-eabi/lib/thumb/v7e-m+fp/hard/libc_nano.a(lib_a-gdtoa-gethex.o)
                                         0x74 (size before relaxing)
 .rodata.str1.1
                0x0000000008008a4f        0x2 /home/delcoii/.eclipse/com.st.stm32cube.ide.mcu.rcp.product_1.11.2_139060371_linux_gtk_x86_64/plugins/com.st.stm32cube.ide.mcu.externaltools.gnu-tools-for-stm32.10.3-2021.10.linux64_1.0.200.202301161003/tools/bin/../lib/gcc/arm-none-eabi/10.3.1/../../../../arm-none-eabi/lib/thumb/v7e-m+fp/hard/libc_nano.a(lib_a-lnumeric.o)
                                          0x3 (size before relaxing)
 *fill*         0x0000000008008a51        0x3 
 .rodata._C_numeric_locale
                0x0000000008008a54        0xc /home/delcoii/.eclipse/com.st.stm32cube.ide.mcu.rcp.product_1.11.2_139060371_linux_gtk_x86_64/plugins/com.st.stm32cube.ide.mcu.externaltools.gnu-tools-for-stm32.10.3-2021.10.linux64_1.0.200.202301161003/tools/bin/../lib/gcc/arm-none-eabi/10.3.1/../../../../arm-none-eabi/lib/thumb/v7e-m+fp/hard/libc_nano.a(lib_a-lnumeric.o)
                0x0000000008008a54                _C_numeric_locale
 .rodata._setlocale_r.str1.1
                0x0000000008008a60        0x8 /home/delcoii/.eclipse/com.st.stm32cube.ide.mcu.rcp.product_1.11.2_139060371_linux_gtk_x86_64/plugins/com.st.stm32cube.ide.mcu.externaltools.gnu-tools-for-stm32.10.3-2021.10.linux64_1.0.200.202301161003/tools/bin/../lib/gcc/arm-none-eabi/10.3.1/../../../../arm-none-eabi/lib/thumb/v7e-m+fp/hard/libc_nano.a(lib_a-locale.o)
                                          0x9 (size before relaxing)
 .rodata.str1.1