23:27:39 **** Incremental Build of configuration Debug for project SingleMotorTest ****
make -j16 all 
arm-none-eabi-gcc "../Core/Src/MY36GP_3650.c" -mcpu=cortex-m4 -std=gnu11 -g3 -DDEBUG -DUSE_HAL_DRIVER -DSTM32F446xx -c -I../Core/Inc -I../Drivers/STM32F4xx_HAL_Driver/Inc -I../Drivers/STM32F4xx_HAL_Driver/Inc/Legacy -I../Drivers/CMSIS/Device/ST/STM32F4xx/Include -I../Drivers/CMSIS/Include -O0 -ffunction-sections -fdata-sections -Wall -fstack-usage -MMD -MP -MF"Core/Src/MY36GP_3650.d" -MT"Core/Src/MY36GP_3650.o" --specs=nano.specs -mfpu=fpv4-sp-d16 -mfloat-abi=hard -mthumb -o "Core/Src/MY36GP_3650.o"
../Core/Src/MY36GP_3650.c: In function 'FL_RunMotor':
../Core/Src/MY36GP_3650.c:81:5: warning: this 'else' clause does not guard... [-Wmisleading-indentation]
   81 |     else
      |     ^~~~
../Core/Src/MY36GP_3650.c:85:2: note: ...this statement, but the latter is misleadingly indented as if it were guarded by the 'else'
   85 |  FL_BrakeDisable();
      |  ^~~~~~~~~~~~~~~
../Core/Src/MY36GP_3650.c:90:5: warning: implicit declaration of function 'printf' [-Wimplicit-function-declaration]
   90 |     printf("\r\n\nCCR1 : %d\t", u32_input_CCR); // for debugging
      |     ^~~~~~
../Core/Src/MY36GP_3650.c:90:5: warning: incompatible implicit declaration of built-in function 'printf'
../Core/Src/MY36GP_3650.c:14:1: note: include '<stdio.h>' or provide a declaration of 'printf'
   13 | #include "MY36GP_3650.h"
  +++ |+#include <stdio.h>
   14 | 
../Core/Src/MY36GP_3650.c:90:27: warning: format '%d' expects argument of type 'int', but argument 2 has type 'uint32_t' {aka 'long unsigned int'} [-Wformat=]
   90 |     printf("\r\n\nCCR1 : %d\t", u32_input_CCR); // for debugging
      |                          ~^     ~~~~~~~~~~~~~
      |                           |     |
      |                           int   uint32_t {aka long unsigned int}
      |                          %ld
arm-none-eabi-gcc -o "SingleMotorTest.elf" @"objects.list"   -mcpu=cortex-m4 -T"/home/delcoii/Bootley/SingleMotorTest/STM32F446RETX_FLASH.ld" --specs=nosys.specs -Wl,-Map="SingleMotorTest.map" -Wl,--gc-sections -static --specs=nano.specs -mfpu=fpv4-sp-d16 -mfloat-abi=hard -mthumb -u _printf_float -Wl,--start-group -lc -lm -Wl,--end-group
Finished building target: SingleMotorTest.elf
 
arm-none-eabi-size   SingleMotorTest.elf 
arm-none-eabi-objdump -h -S  SingleMotorTest.elf  > "SingleMotorTest.list"
   text	   data	    bss	    dec	    hex	filename
  31784	    484	   1932	  34200	   8598	SingleMotorTest.elf
Finished building: default.size.stdout
 
Finished building: SingleMotorTest.list
 

23:27:39 Build Finished. 0 errors, 4 warnings. (took 695ms)

